Archive member included to satisfy reference by file (symbol)

C:\Users\251497\Documents\Lib_EaBaseBoard\Debug\libLib_EaBaseBoard.a(acc.o)
                              ./src/main.o (acc_init)
C:\Users\251497\Documents\Lib_EaBaseBoard\Debug\libLib_EaBaseBoard.a(joystick.o)
                              ./src/main.o (joystick_init)
C:\Users\251497\Documents\Lib_EaBaseBoard\Debug\libLib_EaBaseBoard.a(led7seg.o)
                              ./src/main.o (led7seg_init)
C:\Users\251497\Documents\Lib_EaBaseBoard\Debug\libLib_EaBaseBoard.a(oled.o)
                              ./src/main.o (oled_putPixel)
C:\Users\251497\Documents\Lib_EaBaseBoard\Debug\libLib_EaBaseBoard.a(pca9532.o)
                              ./src/main.o (pca9532_init)
C:\Users\251497\Documents\Lib_EaBaseBoard\Debug\libLib_EaBaseBoard.a(rgb.o)
                              ./src/main.o (rgb_init)
C:\Users\251497\Documents\Lib_EaBaseBoard\Debug\libLib_EaBaseBoard.a(rotary.o)
                              ./src/main.o (rotary_init)
C:\Users\251497\Documents\Lib_EaBaseBoard\Debug\libLib_EaBaseBoard.a(font5x7.o)
                              C:\Users\251497\Documents\Lib_EaBaseBoard\Debug\libLib_EaBaseBoard.a(oled.o) (font5x7)
C:\Users\251497\Documents\Lib_MCU\Debug\libLib_MCU.a(adc.o)
                              ./src/main.o (ADCInit)
C:\Users\251497\Documents\Lib_MCU\Debug\libLib_MCU.a(gpio.o)
                              ./src/main.o (GPIOInit)
C:\Users\251497\Documents\Lib_MCU\Debug\libLib_MCU.a(i2c.o)
                              ./src/main.o (I2CInit)
C:\Users\251497\Documents\Lib_MCU\Debug\libLib_MCU.a(ssp.o)
                              ./src/main.o (SSPInit)
C:\Users\251497\Documents\Lib_MCU\Debug\libLib_MCU.a(timer32.o)
                              ./src/main.o (delay32Ms)
C:\Users\251497\Documents\Lib_MCU\Debug\libLib_MCU.a(uart.o)
                              ./src/main.o (UARTInit)
C:\Users\251497\Documents\Lib_CMSISv1p30_LPC13xx\Debug\libLib_CMSISv1p30_LPC13xx.a(system_LPC13xx.o)
                              ./src/cr_startup_lpc13.o (SystemInit)
c:/nxp/mcuxpressoide_11.9.1_2170/ide/plugins/com.nxp.mcuxpresso.tools.win32_11.9.1.202402080819/tools/bin/../lib/gcc/arm-none-eabi/12.3.1/../../../../arm-none-eabi/lib/thumb/v7-m/nofp\libcr_semihost.a(_cr__main.o)
                              ./src/cr_startup_lpc13.o (__main)
c:/nxp/mcuxpressoide_11.9.1_2170/ide/plugins/com.nxp.mcuxpresso.tools.win32_11.9.1.202402080819/tools/bin/../lib/gcc/arm-none-eabi/12.3.1/../../../../arm-none-eabi/lib/thumb/v7-m/nofp\libcr_c.a(memset.o)
                              C:\Users\251497\Documents\Lib_EaBaseBoard\Debug\libLib_EaBaseBoard.a(oled.o) (memset)
c:/nxp/mcuxpressoide_11.9.1_2170/ide/plugins/com.nxp.mcuxpresso.tools.win32_11.9.1.202402080819/tools/bin/../lib/gcc/arm-none-eabi/12.3.1/../../../../arm-none-eabi/lib/thumb/v7-m/nofp\libcr_c.a(initio.o)
                              c:/nxp/mcuxpressoide_11.9.1_2170/ide/plugins/com.nxp.mcuxpresso.tools.win32_11.9.1.202402080819/tools/bin/../lib/gcc/arm-none-eabi/12.3.1/../../../../arm-none-eabi/lib/thumb/v7-m/nofp\libcr_semihost.a(_cr__main.o) (_initio)
c:/nxp/mcuxpressoide_11.9.1_2170/ide/plugins/com.nxp.mcuxpresso.tools.win32_11.9.1.202402080819/tools/bin/../lib/gcc/arm-none-eabi/12.3.1/../../../../arm-none-eabi/lib/thumb/v7-m/nofp\libcr_c.a(setvbuf.o)
                              c:/nxp/mcuxpressoide_11.9.1_2170/ide/plugins/com.nxp.mcuxpresso.tools.win32_11.9.1.202402080819/tools/bin/../lib/gcc/arm-none-eabi/12.3.1/../../../../arm-none-eabi/lib/thumb/v7-m/nofp\libcr_c.a(initio.o) (setvbuf)
c:/nxp/mcuxpressoide_11.9.1_2170/ide/plugins/com.nxp.mcuxpresso.tools.win32_11.9.1.202402080819/tools/bin/../lib/gcc/arm-none-eabi/12.3.1/../../../../arm-none-eabi/lib/thumb/v7-m/nofp\libcr_c.a(_fdopen.o)
                              c:/nxp/mcuxpressoide_11.9.1_2170/ide/plugins/com.nxp.mcuxpresso.tools.win32_11.9.1.202402080819/tools/bin/../lib/gcc/arm-none-eabi/12.3.1/../../../../arm-none-eabi/lib/thumb/v7-m/nofp\libcr_c.a(initio.o) (_fdopen)
c:/nxp/mcuxpressoide_11.9.1_2170/ide/plugins/com.nxp.mcuxpresso.tools.win32_11.9.1.202402080819/tools/bin/../lib/gcc/arm-none-eabi/12.3.1/../../../../arm-none-eabi/lib/thumb/v7-m/nofp\libcr_c.a(fclose.o)
                              c:/nxp/mcuxpressoide_11.9.1_2170/ide/plugins/com.nxp.mcuxpresso.tools.win32_11.9.1.202402080819/tools/bin/../lib/gcc/arm-none-eabi/12.3.1/../../../../arm-none-eabi/lib/thumb/v7-m/nofp\libcr_c.a(initio.o) (fclose)
c:/nxp/mcuxpressoide_11.9.1_2170/ide/plugins/com.nxp.mcuxpresso.tools.win32_11.9.1.202402080819/tools/bin/../lib/gcc/arm-none-eabi/12.3.1/../../../../arm-none-eabi/lib/thumb/v7-m/nofp\libcr_c.a(fflush.o)
                              c:/nxp/mcuxpressoide_11.9.1_2170/ide/plugins/com.nxp.mcuxpresso.tools.win32_11.9.1.202402080819/tools/bin/../lib/gcc/arm-none-eabi/12.3.1/../../../../arm-none-eabi/lib/thumb/v7-m/nofp\libcr_c.a(fclose.o) (fflush)
[...]
Memory Configuration

Name             Origin             Length             Attributes
MFlash32         0x00000000         0x00008000         xr
RamLoc8          0x10000000         0x00002000         xrw
*default*        0x00000000         0xffffffff

Linker script and memory map

LOAD ./src/cr_startup_lpc13.o
LOAD ./src/main.o
LOAD C:\Users\251497\Documents\Lib_EaBaseBoard\Debug\libLib_EaBaseBoard.a
LOAD C:\Users\251497\Documents\Lib_MCU\Debug\libLib_MCU.a
LOAD C:\Users\251497\Documents\Lib_CMSISv1p30_LPC13xx\Debug\libLib_CMSISv1p30_LPC13xx.a
START GROUP
LOAD c:/nxp/mcuxpressoide_11.9.1_2170/ide/plugins/com.nxp.mcuxpresso.tools.win32_11.9.1.202402080819/tools/bin/../lib/gcc/arm-none-eabi/12.3.1/../../../../arm-none-eabi/lib/thumb/v7-m/nofp\libcr_semihost.a
LOAD c:/nxp/mcuxpressoide_11.9.1_2170/ide/plugins/com.nxp.mcuxpresso.tools.win32_11.9.1.202402080819/tools/bin/../lib/gcc/arm-none-eabi/12.3.1/../../../../arm-none-eabi/lib/thumb/v7-m/nofp\libcr_c.a
LOAD c:/nxp/mcuxpressoide_11.9.1_2170/ide/plugins/com.nxp.mcuxpresso.tools.win32_11.9.1.202402080819/tools/bin/../lib/gcc/arm-none-eabi/12.3.1/thumb/v7-m/nofp\libcr_eabihelpers.a
LOAD c:/nxp/mcuxpressoide_11.9.1_2170/ide/plugins/com.nxp.mcuxpresso.tools.win32_11.9.1.202402080819/tools/bin/../lib/gcc/arm-none-eabi/12.3.1/thumb/v7-m/nofp\libgcc.a
END GROUP
                0x00000000                        __base_MFlash32 = 0x0
                0x00000000                        __base_Flash = 0x0
                0x00008000                        __top_MFlash32 = 0x8000
                0x00008000                        __top_Flash = 0x8000
                0x10000000                        __base_RamLoc8 = 0x10000000
                0x10000000                        __base_RAM = 0x10000000
                0x10002000                        __top_RamLoc8 = 0x10002000
                0x10002000                        __top_RAM = 0x10002000

.text           0x00000000     0x2940
 FILL mask 0xff
                0x00000000                        __vectors_start__ = ABSOLUTE (.)
 *(.isr_vector)
 .isr_vector    0x00000000      0x124 ./src/cr_startup_lpc13.o
                0x00000000                g_pfnVectors
                0x00000124                        . = ALIGN (0x4)
                0x00000124                        __section_table_start = .
                0x00000124                        __data_section_table = .
                0x00000124        0x4 LONG 0x2940 LOADADDR (.data)
                0x00000128        0x4 LONG 0x10000000 ADDR (.data)
                0x0000012c        0x4 LONG 0xc4 SIZEOF (.data)
                0x00000130                        __data_section_table_end = .
                0x00000130                        __bss_section_table = .
                0x00000130        0x4 LONG 0x100000c4 ADDR (.bss)
                0x00000134        0x4 LONG 0x550 SIZEOF (.bss)
                0x00000138                        __bss_section_table_end = .
                0x00000138                        __section_table_end = .
 *(.after_vectors*)
 *(.text*)
 .text.ResetISR
                0x00000138       0x5c ./src/cr_startup_lpc13.o
                0x00000138                ResetISR
 .text.NMI_Handler
                0x00000194        0x8 ./src/cr_startup_lpc13.o
                0x00000194                NMI_Handler
 .text.HardFault_Handler
                0x0000019c        0x8 ./src/cr_startup_lpc13.o
                0x0000019c                HardFault_Handler
 .text.MemManage_Handler
                0x000001a4        0x8 ./src/cr_startup_lpc13.o
                0x000001a4                MemManage_Handler
 .text.BusFault_Handler
                0x000001ac        0x8 ./src/cr_startup_lpc13.o
                0x000001ac                BusFault_Handler
 .text.UsageFault_Handler
                0x000001b4        0x8 ./src/cr_startup_lpc13.o
                0x000001b4                UsageFault_Handler
 .text.SVCall_Handler
                0x000001bc        0x8 ./src/cr_startup_lpc13.o
                0x000001bc                SVCall_Handler
 .text.DebugMon_Handler
                0x000001c4        0x8 ./src/cr_startup_lpc13.o
                0x000001c4                DebugMon_Handler
 .text.PendSV_Handler
                0x000001cc        0x8 ./src/cr_startup_lpc13.o
                0x000001cc                PendSV_Handler
 .text.SysTick_Handler
                0x000001d4        0x8 ./src/cr_startup_lpc13.o
                0x000001d4                SysTick_Handler
 .text.IntDefaultHandler
                0x000001dc        0x8 ./src/cr_startup_lpc13.o
                0x000001dc                TIMER16_0_IRQHandler
                0x000001dc                UART_IRQHandler
                0x000001dc                TIMER32_0_IRQHandler
                0x000001dc                TIMER32_1_IRQHandler
                0x000001dc                IntDefaultHandler
                0x000001dc                PIOINT1_IRQHandler
                0x000001dc                TIMER16_1_IRQHandler
                0x000001dc                USB_FIQHandler
                0x000001dc                ADC_IRQHandler
                0x000001dc                PIOINT2_IRQHandler
                0x000001dc                USB_IRQHandler
                0x000001dc                BOD_IRQHandler
                0x000001dc                WAKEUP_IRQHandler
                0x000001dc                PIOINT0_IRQHandler
                0x000001dc                WDT_IRQHandler
                0x000001dc                PIOINT3_IRQHandler
                0x000001dc                FMC_IRQHandler
 .text.moveBar  0x000001e4       0x80 ./src/main.o
 .text.intToString
                0x00000264       0xc8 ./src/main.o
 .text.playNote
                0x0000032c       0x8c ./src/main.o
 .text.playNoteForHold
                0x000003b8       0x34 ./src/main.o
 .text.printOnScreen
                0x000003ec       0x4c ./src/main.o
 .text.main     0x00000438      0x2c0 ./src/main.o
                0x00000438                main
 .text.getStatus
                0x000006f8       0x2c C:\Users\251497\Documents\Lib_EaBaseBoard\Debug\libLib_EaBaseBoard.a(acc.o)
 .text.setModeControl
                0x00000724       0x28 C:\Users\251497\Documents\Lib_EaBaseBoard\Debug\libLib_EaBaseBoard.a(acc.o)
 .text.acc_init
                0x0000074c        0xe C:\Users\251497\Documents\Lib_EaBaseBoard\Debug\libLib_EaBaseBoard.a(acc.o)
                0x0000074c                acc_init
 .text.acc_read
                0x0000075a       0x9c C:\Users\251497\Documents\Lib_EaBaseBoard\Debug\libLib_EaBaseBoard.a(acc.o)
                0x0000075a                acc_read
 .text.joystick_init
                0x000007f6       0x3a C:\Users\251497\Documents\Lib_EaBaseBoard\Debug\libLib_EaBaseBoard.a(joystick.o)
                0x000007f6                joystick_init
 .text.led7seg_init
                0x00000830       0x1c C:\Users\251497\Documents\Lib_EaBaseBoard\Debug\libLib_EaBaseBoard.a(led7seg.o)
                0x00000830                led7seg_init
 .text.writeCommand
                0x0000084c       0x3a C:\Users\251497\Documents\Lib_EaBaseBoard\Debug\libLib_EaBaseBoard.a(oled.o)
 .text.writeData
                0x00000886       0x3a C:\Users\251497\Documents\Lib_EaBaseBoard\Debug\libLib_EaBaseBoard.a(oled.o)
 .text.writeDataLen
                0x000008c0       0x68 C:\Users\251497\Documents\Lib_EaBaseBoard\Debug\libLib_EaBaseBoard.a(oled.o)
 .text.runInitSequence
                0x00000928       0xd4 C:\Users\251497\Documents\Lib_EaBaseBoard\Debug\libLib_EaBaseBoard.a(oled.o)
 .text.oled_init
                0x000009fc       0x84 C:\Users\251497\Documents\Lib_EaBaseBoard\Debug\libLib_EaBaseBoard.a(oled.o)
                0x000009fc                oled_init
 .text.oled_putPixel
                0x00000a80      0x150 C:\Users\251497\Documents\Lib_EaBaseBoard\Debug\libLib_EaBaseBoard.a(oled.o)
                0x00000a80                oled_putPixel
 .text.oled_clearScreen
                0x00000bd0       0x64 C:\Users\251497\Documents\Lib_EaBaseBoard\Debug\libLib_EaBaseBoard.a(oled.o)
                0x00000bd0                oled_clearScreen
 .text.oled_putChar
                0x00000c34       0xd8 C:\Users\251497\Documents\Lib_EaBaseBoard\Debug\libLib_EaBaseBoard.a(oled.o)
                0x00000c34                oled_putChar
 .text.oled_putString
                0x00000d0c       0x52 C:\Users\251497\Documents\Lib_EaBaseBoard\Debug\libLib_EaBaseBoard.a(oled.o)
                0x00000d0c                oled_putString
 .text.setLsStates
                0x00000d5e       0xa6 C:\Users\251497\Documents\Lib_EaBaseBoard\Debug\libLib_EaBaseBoard.a(pca9532.o)
 .text.setLeds  0x00000e04       0x70 C:\Users\251497\Documents\Lib_EaBaseBoard\Debug\libLib_EaBaseBoard.a(pca9532.o)
 .text.pca9532_init
                0x00000e74        0xc C:\Users\251497\Documents\Lib_EaBaseBoard\Debug\libLib_EaBaseBoard.a(pca9532.o)
                0x00000e74                pca9532_init
 .text.pca9532_setLeds
                0x00000e80       0x80 C:\Users\251497\Documents\Lib_EaBaseBoard\Debug\libLib_EaBaseBoard.a(pca9532.o)
                0x00000e80                pca9532_setLeds
 .text.rgb_init
                0x00000f00       0x58 C:\Users\251497\Documents\Lib_EaBaseBoard\Debug\libLib_EaBaseBoard.a(rgb.o)
                0x00000f00                rgb_init
 .text.rgb_setLeds
                0x00000f58       0x72 C:\Users\251497\Documents\Lib_EaBaseBoard\Debug\libLib_EaBaseBoard.a(rgb.o)
                0x00000f58                rgb_setLeds
 .text.rotary_init
                0x00000fca       0x1c C:\Users\251497\Documents\Lib_EaBaseBoard\Debug\libLib_EaBaseBoard.a(rotary.o)
                0x00000fca                rotary_init
 *fill*         0x00000fe6        0x2 ff
 .text.ADCInit  0x00000fe8       0x9c C:\Users\251497\Documents\Lib_MCU\Debug\libLib_MCU.a(adc.o)
                0x00000fe8                ADCInit
 .text.NVIC_EnableIRQ
                0x00001084       0x30 C:\Users\251497\Documents\Lib_MCU\Debug\libLib_MCU.a(gpio.o)
 .text.GPIOInit
                0x000010b4       0x8c C:\Users\251497\Documents\Lib_MCU\Debug\libLib_MCU.a(gpio.o)
                0x000010b4                GPIOInit
 .text.GPIOSetDir
                0x00001140      0x240 C:\Users\251497\Documents\Lib_MCU\Debug\libLib_MCU.a(gpio.o)
                0x00001140                GPIOSetDir
 .text.GPIOSetValue
                0x00001380      0x160 C:\Users\251497\Documents\Lib_MCU\Debug\libLib_MCU.a(gpio.o)
                0x00001380                GPIOSetValue
 .text.GPIOGetValue
                0x000014e0       0xd0 C:\Users\251497\Documents\Lib_MCU\Debug\libLib_MCU.a(gpio.o)
                0x000014e0                GPIOGetValue
 .text.NVIC_EnableIRQ
                0x000015b0       0x30 C:\Users\251497\Documents\Lib_MCU\Debug\libLib_MCU.a(i2c.o)
 .text.I2C_IRQHandler
                0x000015e0      0x310 C:\Users\251497\Documents\Lib_MCU\Debug\libLib_MCU.a(i2c.o)
                0x000015e0                I2C_IRQHandler
 .text.I2CStart
                0x000018f0       0x4c C:\Users\251497\Documents\Lib_MCU\Debug\libLib_MCU.a(i2c.o)
                0x000018f0                I2CStart
 .text.I2CStop  0x0000193c       0x2e C:\Users\251497\Documents\Lib_MCU\Debug\libLib_MCU.a(i2c.o)
                0x0000193c                I2CStop
 *fill*         0x0000196a        0x2 ff
 .text.I2CInit  0x0000196c       0xa0 C:\Users\251497\Documents\Lib_MCU\Debug\libLib_MCU.a(i2c.o)
                0x0000196c                I2CInit
 .text.I2CEngine
                0x00001a0c       0x48 C:\Users\251497\Documents\Lib_MCU\Debug\libLib_MCU.a(i2c.o)
                0x00001a0c                I2CEngine
 .text.I2CRead  0x00001a54       0x50 C:\Users\251497\Documents\Lib_MCU\Debug\libLib_MCU.a(i2c.o)
                0x00001a54                I2CRead
 .text.I2CWrite
                0x00001aa4       0x4c C:\Users\251497\Documents\Lib_MCU\Debug\libLib_MCU.a(i2c.o)
                0x00001aa4                I2CWrite
 .text.NVIC_EnableIRQ
                0x00001af0       0x30 C:\Users\251497\Documents\Lib_MCU\Debug\libLib_MCU.a(ssp.o)
 .text.SSP_IRQHandler
                0x00001b20       0x70 C:\Users\251497\Documents\Lib_MCU\Debug\libLib_MCU.a(ssp.o)
                0x00001b20                SSP_IRQHandler
 .text.SSPInit  0x00001b90       0xd4 C:\Users\251497\Documents\Lib_MCU\Debug\libLib_MCU.a(ssp.o)
                0x00001b90                SSPInit
 .text.SSPSend  0x00001c64       0x5c C:\Users\251497\Documents\Lib_MCU\Debug\libLib_MCU.a(ssp.o)
                0x00001c64                SSPSend
 .text.delay32Ms
                0x00001cc0       0xd0 C:\Users\251497\Documents\Lib_MCU\Debug\libLib_MCU.a(timer32.o)
                0x00001cc0                delay32Ms
 .text.delay32Us
                0x00001d90       0xd0 C:\Users\251497\Documents\Lib_MCU\Debug\libLib_MCU.a(timer32.o)
                0x00001d90                delay32Us
 .text.NVIC_DisableIRQ
                0x00001e60       0x34 C:\Users\251497\Documents\Lib_MCU\Debug\libLib_MCU.a(uart.o)
 .text.UARTInit
                0x00001e94       0xec C:\Users\251497\Documents\Lib_MCU\Debug\libLib_MCU.a(uart.o)
                0x00001e94                UARTInit
 .text.UARTSendString
                0x00001f80       0x44 C:\Users\251497\Documents\Lib_MCU\Debug\libLib_MCU.a(uart.o)
                0x00001f80                UARTSendString
 .text.SystemInit
                0x00001fc4       0xc4 C:\Users\251497\Documents\Lib_CMSISv1p30_LPC13xx\Debug\libLib_CMSISv1p30_LPC13xx.a(system_LPC13xx.o)
                0x00001fc4                SystemInit
 .text.__main   0x00002088        0xe c:/nxp/mcuxpressoide_11.9.1_2170/ide/plugins/com.nxp.mcuxpresso.tools.win32_11.9.1.202402080819/tools/bin/../lib/gcc/arm-none-eabi/12.3.1/../../../../arm-none-eabi/lib/thumb/v7-m/nofp\libcr_semihost.a(_cr__main.o)
                0x00002088                __CR_SEMIHOST
                0x00002088                __main
 .text.memset   0x00002096        0x4 c:/nxp/mcuxpressoide_11.9.1_2170/ide/plugins/com.nxp.mcuxpresso.tools.win32_11.9.1.202402080819/tools/bin/../lib/gcc/arm-none-eabi/12.3.1/../../../../arm-none-eabi/lib/thumb/v7-m/nofp\libcr_c.a(memset.o)
                0x00002096                memset
 *fill*         0x0000209a        0x2 ff
 .text._initio  0x0000209c       0x78 c:/nxp/mcuxpressoide_11.9.1_2170/ide/plugins/com.nxp.mcuxpresso.tools.win32_11.9.1.202402080819/tools/bin/../lib/gcc/arm-none-eabi/12.3.1/../../../../arm-none-eabi/lib/thumb/v7-m/nofp\libcr_c.a(initio.o)
                0x0000209c                _initio
 .text.setvbuf  0x00002114       0x3e c:/nxp/mcuxpressoide_11.9.1_2170/ide/plugins/com.nxp.mcuxpresso.tools.win32_11.9.1.202402080819/tools/bin/../lib/gcc/arm-none-eabi/12.3.1/../../../../arm-none-eabi/lib/thumb/v7-m/nofp\libcr_c.a(setvbuf.o)
                0x00002114                setvbuf
 .text._fdopen  0x00002152       0x68 c:/nxp/mcuxpressoide_11.9.1_2170/ide/plugins/com.nxp.mcuxpresso.tools.win32_11.9.1.202402080819/tools/bin/../lib/gcc/arm-none-eabi/12.3.1/../../../../arm-none-eabi/lib/thumb/v7-m/nofp\libcr_c.a(_fdopen.o)
                0x00002152                _fdopen
 .text.fclose   0x000021ba       0x58 c:/nxp/mcuxpressoide_11.9.1_2170/ide/plugins/com.nxp.mcuxpresso.tools.win32_11.9.1.202402080819/tools/bin/../lib/gcc/arm-none-eabi/12.3.1/../../../../arm-none-eabi/lib/thumb/v7-m/nofp\libcr_c.a(fclose.o)
                0x000021ba                fclose
 *fill*         0x00002212        0x2 ff
 .text.fflush   0x00002214       0x3c c:/nxp/mcuxpressoide_11.9.1_2170/ide/plugins/com.nxp.mcuxpresso.tools.win32_11.9.1.202402080819/tools/bin/../lib/gcc/arm-none-eabi/12.3.1/../../../../arm-none-eabi/lib/thumb/v7-m/nofp\libcr_c.a(fflush.o)
                0x00002214                fflush
 .text.fseek    0x00002250       0xf8 c:/nxp/mcuxpressoide_11.9.1_2170/ide/plugins/com.nxp.mcuxpresso.tools.win32_11.9.1.202402080819/tools/bin/../lib/gcc/arm-none-eabi/12.3.1/../../../../arm-none-eabi/lib/thumb/v7-m/nofp\libcr_c.a(fseek.o)
                0x00002250                fseek
 .text.ftell    0x00002348       0x44 c:/nxp/mcuxpressoide_11.9.1_2170/ide/plugins/com.nxp.mcuxpresso.tools.win32_11.9.1.202402080819/tools/bin/../lib/gcc/arm-none-eabi/12.3.1/../../../../arm-none-eabi/lib/thumb/v7-m/nofp\libcr_c.a(ftell.o)
                0x00002348                ftell
 .text.remove   0x0000238c       0x14 c:/nxp/mcuxpressoide_11.9.1_2170/ide/plugins/com.nxp.mcuxpresso.tools.win32_11.9.1.202402080819/tools/bin/../lib/gcc/arm-none-eabi/12.3.1/../../../../arm-none-eabi/lib/thumb/v7-m/nofp\libcr_c.a(remove.o)
                0x0000238c                remove
 .text.strlen   0x000023a0       0x4e c:/nxp/mcuxpressoide_11.9.1_2170/ide/plugins/com.nxp.mcuxpresso.tools.win32_11.9.1.202402080819/tools/bin/../lib/gcc/arm-none-eabi/12.3.1/../../../../arm-none-eabi/lib/thumb/v7-m/nofp\libcr_c.a(strlen.o)
                0x000023a0                strlen
 .text._do_fflush
                0x000023ee       0x40 c:/nxp/mcuxpressoide_11.9.1_2170/ide/plugins/com.nxp.mcuxpresso.tools.win32_11.9.1.202402080819/tools/bin/../lib/gcc/arm-none-eabi/12.3.1/../../../../arm-none-eabi/lib/thumb/v7-m/nofp\libcr_c.a(_do_fflush.o)
                0x000023ee                _do_fflush
 .text._fflush  0x0000242e       0x52 c:/nxp/mcuxpressoide_11.9.1_2170/ide/plugins/com.nxp.mcuxpresso.tools.win32_11.9.1.202402080819/tools/bin/../lib/gcc/arm-none-eabi/12.3.1/../../../../arm-none-eabi/lib/thumb/v7-m/nofp\libcr_c.a(_fflush.o)
                0x0000242e                _fflush
 .text._Cwritebuf
                0x00002480       0x6c c:/nxp/mcuxpressoide_11.9.1_2170/ide/plugins/com.nxp.mcuxpresso.tools.win32_11.9.1.202402080819/tools/bin/../lib/gcc/arm-none-eabi/12.3.1/../../../../arm-none-eabi/lib/thumb/v7-m/nofp\libcr_c.a(_writebuf.o)
                0x00002480                _Cwritebuf
 .text.free     0x000024ec       0x30 c:/nxp/mcuxpressoide_11.9.1_2170/ide/plugins/com.nxp.mcuxpresso.tools.win32_11.9.1.202402080819/tools/bin/../lib/gcc/arm-none-eabi/12.3.1/../../../../arm-none-eabi/lib/thumb/v7-m/nofp\libcr_c.a(alloc.o)
                0x000024ec                free
 .text._deferredlazyseek
                0x0000251c       0x40 c:/nxp/mcuxpressoide_11.9.1_2170/ide/plugins/com.nxp.mcuxpresso.tools.win32_11.9.1.202402080819/tools/bin/../lib/gcc/arm-none-eabi/12.3.1/../../../../arm-none-eabi/lib/thumb/v7-m/nofp\libcr_c.a(_deferredlazyseek.o)
                0x0000251c                _deferredlazyseek
 .text.__aeabi_memset_lowlevel
                0x0000255c       0x32 c:/nxp/mcuxpressoide_11.9.1_2170/ide/plugins/com.nxp.mcuxpresso.tools.win32_11.9.1.202402080819/tools/bin/../lib/gcc/arm-none-eabi/12.3.1/thumb/v7-m/nofp\libcr_eabihelpers.a(memcpy.o)
                0x0000255c                __aeabi_lowlevel_memset
 .text.__sys_close
                0x0000258e        0xc c:/nxp/mcuxpressoide_11.9.1_2170/ide/plugins/com.nxp.mcuxpresso.tools.win32_11.9.1.202402080819/tools/bin/../lib/gcc/arm-none-eabi/12.3.1/../../../../arm-none-eabi/lib/thumb/v7-m/nofp\libcr_semihost.a(__sys_close.o)
                0x0000258e                __sys_close
 .text.__sys_flen
                0x0000259a        0xc c:/nxp/mcuxpressoide_11.9.1_2170/ide/plugins/com.nxp.mcuxpresso.tools.win32_11.9.1.202402080819/tools/bin/../lib/gcc/arm-none-eabi/12.3.1/../../../../arm-none-eabi/lib/thumb/v7-m/nofp\libcr_semihost.a(__sys_flen.o)
                0x0000259a                __sys_flen
 .text.__sys_istty
                0x000025a6        0xc c:/nxp/mcuxpressoide_11.9.1_2170/ide/plugins/com.nxp.mcuxpresso.tools.win32_11.9.1.202402080819/tools/bin/../lib/gcc/arm-none-eabi/12.3.1/../../../../arm-none-eabi/lib/thumb/v7-m/nofp\libcr_semihost.a(__sys_istty.o)
                0x000025a6                __sys_istty
 .text.__sys_remove
                0x000025b2        0xc c:/nxp/mcuxpressoide_11.9.1_2170/ide/plugins/com.nxp.mcuxpresso.tools.win32_11.9.1.202402080819/tools/bin/../lib/gcc/arm-none-eabi/12.3.1/../../../../arm-none-eabi/lib/thumb/v7-m/nofp\libcr_semihost.a(__sys_remove.o)
                0x000025b2                __sys_remove
 .text.__sys_seek
                0x000025be        0xc c:/nxp/mcuxpressoide_11.9.1_2170/ide/plugins/com.nxp.mcuxpresso.tools.win32_11.9.1.202402080819/tools/bin/../lib/gcc/arm-none-eabi/12.3.1/../../../../arm-none-eabi/lib/thumb/v7-m/nofp\libcr_semihost.a(__sys_seek.o)
                0x000025be                __sys_seek
 .text.__sys_tmpnam
                0x000025ca        0xc c:/nxp/mcuxpressoide_11.9.1_2170/ide/plugins/com.nxp.mcuxpresso.tools.win32_11.9.1.202402080819/tools/bin/../lib/gcc/arm-none-eabi/12.3.1/../../../../arm-none-eabi/lib/thumb/v7-m/nofp\libcr_semihost.a(__sys_tmpnam.o)
                0x000025ca                __sys_tmpnam
 .text.__sys_write
                0x000025d6        0xc c:/nxp/mcuxpressoide_11.9.1_2170/ide/plugins/com.nxp.mcuxpresso.tools.win32_11.9.1.202402080819/tools/bin/../lib/gcc/arm-none-eabi/12.3.1/../../../../arm-none-eabi/lib/thumb/v7-m/nofp\libcr_semihost.a(__sys_write.o)
                0x000025d6                __sys_write
 *(.rodata .rodata.* .constdata .constdata.*)
 *fill*         0x000025e2        0x2 ff
 .rodata.str1.4
                0x000025e4       0x49 ./src/main.o
 *fill*         0x0000262d        0x3 ff
 .rodata        0x00002630        0x8 C:\Users\251497\Documents\Lib_EaBaseBoard\Debug\libLib_EaBaseBoard.a(oled.o)
 .rodata        0x00002638      0x300 C:\Users\251497\Documents\Lib_EaBaseBoard\Debug\libLib_EaBaseBoard.a(font5x7.o)
                0x00002638                font5x7
 .rodata._initio.str1.1
                0x00002938        0x4 c:/nxp/mcuxpressoide_11.9.1_2170/ide/plugins/com.nxp.mcuxpresso.tools.win32_11.9.1.202402080819/tools/bin/../lib/gcc/arm-none-eabi/12.3.1/../../../../arm-none-eabi/lib/thumb/v7-m/nofp\libcr_c.a(initio.o)
 .rodata.__num_Ciob_streams
                0x0000293c        0x4 c:/nxp/mcuxpressoide_11.9.1_2170/ide/plugins/com.nxp.mcuxpresso.tools.win32_11.9.1.202402080819/tools/bin/../lib/gcc/arm-none-eabi/12.3.1/../../../../arm-none-eabi/lib/thumb/v7-m/nofp\libcr_semihost.a(__ciob.o)
                0x0000293c                __num_Ciob_streams
                0x00002940                        . = ALIGN (0x4)

.glue_7         0x00002940        0x0
 .glue_7        0x00002940        0x0 linker stubs

.glue_7t        0x00002940        0x0
 .glue_7t       0x00002940        0x0 linker stubs

.vfp11_veneer   0x00002940        0x0
 .vfp11_veneer  0x00002940        0x0 linker stubs

.v4_bx          0x00002940        0x0
 .v4_bx         0x00002940        0x0 linker stubs

.iplt           0x00002940        0x0
 .iplt          0x00002940        0x0 ./src/cr_startup_lpc13.o

.rel.dyn        0x00002940        0x0
 .rel.iplt      0x00002940        0x0 ./src/cr_startup_lpc13.o

.ARM.extab
 *(.ARM.extab* .gnu.linkonce.armextab.*)

.ARM.exidx      0x00002940        0x0
                0x00002940                        __exidx_start = .
 *(.ARM.exidx* .gnu.linkonce.armexidx.*)
                0x00002940                        __exidx_end = .
                0x00002940                        _etext = .

.uninit_RESERVED
                0x10000000        0x0
                0x10000000                        _start_uninit_RESERVED = .
 *(.bss.$RESERVED*)
                0x10000000                        . = ALIGN (0x4)
                0x10000000                        _end_uninit_RESERVED = .

.data           0x10000000       0xc4 load address 0x00002940
 FILL mask 0xff
                0x10000000                        _data = .
                [!provide]                        PROVIDE (__start_data_RAM = .)
                [!provide]                        PROVIDE (__start_data_RamLoc8 = .)
 *(vtable)
 *(.ramfunc*)
 *(CodeQuickAccess)
 *(DataQuickAccess)
 *(RamFunction)
 *(.data*)
 .data          0x10000000       0xc0 ./src/main.o
                0x1000009c                morseTranslationTable
 .data          0x100000c0        0x4 C:\Users\251497\Documents\Lib_CMSISv1p30_LPC13xx\Debug\libLib_CMSISv1p30_LPC13xx.a(system_LPC13xx.o)
                0x100000c0                SystemCoreClock
                0x100000c4                        . = ALIGN (0x4)
                0x100000c4                        _edata = .
                [!provide]                        PROVIDE (__end_data_RAM = .)
                [!provide]                        PROVIDE (__end_data_RamLoc8 = .)

.igot.plt       0x100000c4        0x0 load address 0x00002a04
 .igot.plt      0x100000c4        0x0 ./src/cr_startup_lpc13.o

.bss            0x100000c4      0x550
                0x100000c4                        _bss = .
                [!provide]                        PROVIDE (__start_bss_RAM = .)
                [!provide]                        PROVIDE (__start_bss_RamLoc8 = .)
 *(.bss*)
 .bss           0x100000c4       0x1a ./src/main.o
 *fill*         0x100000de        0x2 
 .bss           0x100000e0      0x300 C:\Users\251497\Documents\Lib_EaBaseBoard\Debug\libLib_EaBaseBoard.a(oled.o)
 .bss           0x100003e0        0x6 C:\Users\251497\Documents\Lib_EaBaseBoard\Debug\libLib_EaBaseBoard.a(pca9532.o)
 *fill*         0x100003e6        0x2 
 .bss           0x100003e8       0x10 C:\Users\251497\Documents\Lib_MCU\Debug\libLib_MCU.a(gpio.o)
 .bss           0x100003f8       0x29 C:\Users\251497\Documents\Lib_MCU\Debug\libLib_MCU.a(i2c.o)
 *fill*         0x10000421        0x3 
 .bss           0x10000424        0xc C:\Users\251497\Documents\Lib_MCU\Debug\libLib_MCU.a(ssp.o)
                0x10000424                interruptRxStat
                0x10000428                interruptOverRunStat
                0x1000042c                interruptRxTimeoutStat
 .bss.errno     0x10000430        0x4 c:/nxp/mcuxpressoide_11.9.1_2170/ide/plugins/com.nxp.mcuxpresso.tools.win32_11.9.1.202402080819/tools/bin/../lib/gcc/arm-none-eabi/12.3.1/../../../../arm-none-eabi/lib/thumb/v7-m/nofp\libcr_c.a(errno.o)
                0x10000430                errno
 .bss.__Ciob    0x10000434      0x1e0 c:/nxp/mcuxpressoide_11.9.1_2170/ide/plugins/com.nxp.mcuxpresso.tools.win32_11.9.1.202402080819/tools/bin/../lib/gcc/arm-none-eabi/12.3.1/../../../../arm-none-eabi/lib/thumb/v7-m/nofp\libcr_semihost.a(__ciob.o)
                0x10000434                __Ciob
 *(COMMON)
                0x10000614                        . = ALIGN (0x4)
                0x10000614                        _ebss = .
                [!provide]                        PROVIDE (__end_bss_RAM = .)
                [!provide]                        PROVIDE (__end_bss_RamLoc8 = .)
                [!provide]                        PROVIDE (end = .)

.noinit         0x10000614        0x0
                0x10000614                        _noinit = .
                [!provide]                        PROVIDE (__start_noinit_RAM = .)
                [!provide]                        PROVIDE (__start_noinit_RamLoc8 = .)
 *(.noinit*)
                0x10000614                        . = ALIGN (0x4)
                0x10000614                        _end_noinit = .
                [!provide]                        PROVIDE (__end_noinit_RAM = .)
                [!provide]                        PROVIDE (__end_noinit_RamLoc8 = .)
                0x10000614                        PROVIDE (_pvHeapStart = DEFINED (__user_heap_base)?__user_heap_base:.)
                0x10002000                        PROVIDE (_vStackTop = DEFINED (__user_stack_top)?__user_stack_top:(__top_RamLoc8 - 0x0))
                [!provide]                        PROVIDE (__valid_user_code_checksum = (0x0 - ((((((_vStackTop + (ResetISR + 0x1)) + (NMI_Handler + 0x1)) + (HardFault_Handler + 0x1)) + (DEFINED (MemManage_Handler)?MemManage_Handler:0x0 + 0x1)) + (DEFINED (BusFault_Handler)?BusFault_Handler:0x0 + 0x1)) + (DEFINED (UsageFault_Handler)?UsageFault_Handler:0x0 + 0x1))))
                0x00000000                        _image_start = LOADADDR (.text)
                0x00002a04                        _image_end = (LOADADDR (.data) + SIZEOF (.data))
                0x00002a04                        _image_size = (_image_end - _image_start)
OUTPUT(demo.axf elf32-littlearm)
LOAD linker stubs

.debug_info     0x00000000     0x987d
 .debug_info    0x00000000      0x1fa ./src/cr_startup_lpc13.o
 .debug_info    0x000001fa     0x1033 ./src/main.o
 .debug_info    0x0000122d      0x2a6 C:\Users\251497\Documents\Lib_EaBaseBoard\Debug\libLib_EaBaseBoard.a(acc.o)
 .debug_info    0x000014d3       0xfb C:\Users\251497\Documents\Lib_EaBaseBoard\Debug\libLib_EaBaseBoard.a(joystick.o)
 .debug_info    0x000015ce      0x154 C:\Users\251497\Documents\Lib_EaBaseBoard\Debug\libLib_EaBaseBoard.a(led7seg.o)
 .debug_info    0x00001722      0x88d C:\Users\251497\Documents\Lib_EaBaseBoard\Debug\libLib_EaBaseBoard.a(oled.o)
 .debug_info    0x00001faf      0x39a C:\Users\251497\Documents\Lib_EaBaseBoard\Debug\libLib_EaBaseBoard.a(pca9532.o)
 .debug_info    0x00002349      0x372 C:\Users\251497\Documents\Lib_EaBaseBoard\Debug\libLib_EaBaseBoard.a(rgb.o)
 .debug_info    0x000026bb      0x223 C:\Users\251497\Documents\Lib_EaBaseBoard\Debug\libLib_EaBaseBoard.a(rotary.o)
 .debug_info    0x000028de       0x62 C:\Users\251497\Documents\Lib_EaBaseBoard\Debug\libLib_EaBaseBoard.a(font5x7.o)
 .debug_info    0x00002940      0x874 C:\Users\251497\Documents\Lib_MCU\Debug\libLib_MCU.a(adc.o)
 .debug_info    0x000031b4      0xb18 C:\Users\251497\Documents\Lib_MCU\Debug\libLib_MCU.a(gpio.o)
 .debug_info    0x00003ccc      0xcf0 C:\Users\251497\Documents\Lib_MCU\Debug\libLib_MCU.a(i2c.o)
 .debug_info    0x000049bc      0xbc5 C:\Users\251497\Documents\Lib_MCU\Debug\libLib_MCU.a(ssp.o)
 .debug_info    0x00005581      0xc0f C:\Users\251497\Documents\Lib_MCU\Debug\libLib_MCU.a(timer32.o)
 .debug_info    0x00006190      0xc70 C:\Users\251497\Documents\Lib_MCU\Debug\libLib_MCU.a(uart.o)
 .debug_info    0x00006e00      0x508 C:\Users\251497\Documents\Lib_CMSISv1p30_LPC13xx\Debug\libLib_CMSISv1p30_LPC13xx.a(system_LPC13xx.o)
 .debug_info    0x00007308       0x85 c:/nxp/mcuxpressoide_11.9.1_2170/ide/plugins/com.nxp.mcuxpresso.tools.win32_11.9.1.202402080819/tools/bin/../lib/gcc/arm-none-eabi/12.3.1/../../../../arm-none-eabi/lib/thumb/v7-m/nofp\libcr_semihost.a(_cr__main.o)
 .debug_info    0x0000738d       0xe3 c:/nxp/mcuxpressoide_11.9.1_2170/ide/plugins/com.nxp.mcuxpresso.tools.win32_11.9.1.202402080819/tools/bin/../lib/gcc/arm-none-eabi/12.3.1/../../../../arm-none-eabi/lib/thumb/v7-m/nofp\libcr_c.a(memset.o)
 .debug_info    0x00007470      0x339 c:/nxp/mcuxpressoide_11.9.1_2170/ide/plugins/com.nxp.mcuxpresso.tools.win32_11.9.1.202402080819/tools/bin/../lib/gcc/arm-none-eabi/12.3.1/../../../../arm-none-eabi/lib/thumb/v7-m/nofp\libcr_c.a(initio.o)
 .debug_info    0x000077a9      0x1f6 c:/nxp/mcuxpressoide_11.9.1_2170/ide/plugins/com.nxp.mcuxpresso.tools.win32_11.9.1.202402080819/tools/bin/../lib/gcc/arm-none-eabi/12.3.1/../../../../arm-none-eabi/lib/thumb/v7-m/nofp\libcr_c.a(setvbuf.o)
 .debug_info    0x0000799f      0x244 c:/nxp/mcuxpressoide_11.9.1_2170/ide/plugins/com.nxp.mcuxpresso.tools.win32_11.9.1.202402080819/tools/bin/../lib/gcc/arm-none-eabi/12.3.1/../../../../arm-none-eabi/lib/thumb/v7-m/nofp\libcr_c.a(_fdopen.o)
 .debug_info    0x00007be3      0x318 c:/nxp/mcuxpressoide_11.9.1_2170/ide/plugins/com.nxp.mcuxpresso.tools.win32_11.9.1.202402080819/tools/bin/../lib/gcc/arm-none-eabi/12.3.1/../../../../arm-none-eabi/lib/thumb/v7-m/nofp\libcr_c.a(fclose.o)
 .debug_info    0x00007efb      0x202 c:/nxp/mcuxpressoide_11.9.1_2170/ide/plugins/com.nxp.mcuxpresso.tools.win32_11.9.1.202402080819/tools/bin/../lib/gcc/arm-none-eabi/12.3.1/../../../../arm-none-eabi/lib/thumb/v7-m/nofp\libcr_c.a(fflush.o)
 .debug_info    0x000080fd      0x276 c:/nxp/mcuxpressoide_11.9.1_2170/ide/plugins/com.nxp.mcuxpresso.tools.win32_11.9.1.202402080819/tools/bin/../lib/gcc/arm-none-eabi/12.3.1/../../../../arm-none-eabi/lib/thumb/v7-m/nofp\libcr_c.a(fseek.o)
 .debug_info    0x00008373      0x190 c:/nxp/mcuxpressoide_11.9.1_2170/ide/plugins/com.nxp.mcuxpresso.tools.win32_11.9.1.202402080819/tools/bin/../lib/gcc/arm-none-eabi/12.3.1/../../../../arm-none-eabi/lib/thumb/v7-m/nofp\libcr_c.a(ftell.o)
 .debug_info    0x00008503      0x1ca c:/nxp/mcuxpressoide_11.9.1_2170/ide/plugins/com.nxp.mcuxpresso.tools.win32_11.9.1.202402080819/tools/bin/../lib/gcc/arm-none-eabi/12.3.1/../../../../arm-none-eabi/lib/thumb/v7-m/nofp\libcr_c.a(remove.o)
 .debug_info    0x000086cd       0xda c:/nxp/mcuxpressoide_11.9.1_2170/ide/plugins/com.nxp.mcuxpresso.tools.win32_11.9.1.202402080819/tools/bin/../lib/gcc/arm-none-eabi/12.3.1/../../../../arm-none-eabi/lib/thumb/v7-m/nofp\libcr_c.a(strlen.o)
 .debug_info    0x000087a7      0x23a c:/nxp/mcuxpressoide_11.9.1_2170/ide/plugins/com.nxp.mcuxpresso.tools.win32_11.9.1.202402080819/tools/bin/../lib/gcc/arm-none-eabi/12.3.1/../../../../arm-none-eabi/lib/thumb/v7-m/nofp\libcr_c.a(_do_fflush.o)
 .debug_info    0x000089e1      0x1e3 c:/nxp/mcuxpressoide_11.9.1_2170/ide/plugins/com.nxp.mcuxpresso.tools.win32_11.9.1.202402080819/tools/bin/../lib/gcc/arm-none-eabi/12.3.1/../../../../arm-none-eabi/lib/thumb/v7-m/nofp\libcr_c.a(_fflush.o)
 .debug_info    0x00008bc4      0x282 c:/nxp/mcuxpressoide_11.9.1_2170/ide/plugins/com.nxp.mcuxpresso.tools.win32_11.9.1.202402080819/tools/bin/../lib/gcc/arm-none-eabi/12.3.1/../../../../arm-none-eabi/lib/thumb/v7-m/nofp\libcr_c.a(_writebuf.o)
 .debug_info    0x00008e46      0x506 c:/nxp/mcuxpressoide_11.9.1_2170/ide/plugins/com.nxp.mcuxpresso.tools.win32_11.9.1.202402080819/tools/bin/../lib/gcc/arm-none-eabi/12.3.1/../../../../arm-none-eabi/lib/thumb/v7-m/nofp\libcr_c.a(alloc.o)
 .debug_info    0x0000934c       0x44 c:/nxp/mcuxpressoide_11.9.1_2170/ide/plugins/com.nxp.mcuxpresso.tools.win32_11.9.1.202402080819/tools/bin/../lib/gcc/arm-none-eabi/12.3.1/../../../../arm-none-eabi/lib/thumb/v7-m/nofp\libcr_c.a(errno.o)
 .debug_info    0x00009390      0x362 c:/nxp/mcuxpressoide_11.9.1_2170/ide/plugins/com.nxp.mcuxpresso.tools.win32_11.9.1.202402080819/tools/bin/../lib/gcc/arm-none-eabi/12.3.1/../../../../arm-none-eabi/lib/thumb/v7-m/nofp\libcr_c.a(_deferredlazyseek.o)
 .debug_info    0x000096f2      0x18b c:/nxp/mcuxpressoide_11.9.1_2170/ide/plugins/com.nxp.mcuxpresso.tools.win32_11.9.1.202402080819/tools/bin/../lib/gcc/arm-none-eabi/12.3.1/../../../../arm-none-eabi/lib/thumb/v7-m/nofp\libcr_semihost.a(__ciob.o)

.debug_abbrev   0x00000000     0x2c11
 .debug_abbrev  0x00000000       0xd7 ./src/cr_startup_lpc13.o
 .debug_abbrev  0x000000d7      0x30f ./src/main.o
 .debug_abbrev  0x000003e6      0x159 C:\Users\251497\Documents\Lib_EaBaseBoard\Debug\libLib_EaBaseBoard.a(acc.o)
 .debug_abbrev  0x0000053f       0xb8 C:\Users\251497\Documents\Lib_EaBaseBoard\Debug\libLib_EaBaseBoard.a(joystick.o)
 .debug_abbrev  0x000005f7       0xed C:\Users\251497\Documents\Lib_EaBaseBoard\Debug\libLib_EaBaseBoard.a(led7seg.o)
 .debug_abbrev  0x000006e4      0x1fb C:\Users\251497\Documents\Lib_EaBaseBoard\Debug\libLib_EaBaseBoard.a(oled.o)
 .debug_abbrev  0x000008df      0x17b C:\Users\251497\Documents\Lib_EaBaseBoard\Debug\libLib_EaBaseBoard.a(pca9532.o)
 .debug_abbrev  0x00000a5a       0xf8 C:\Users\251497\Documents\Lib_EaBaseBoard\Debug\libLib_EaBaseBoard.a(rgb.o)
 .debug_abbrev  0x00000b52      0x14a C:\Users\251497\Documents\Lib_EaBaseBoard\Debug\libLib_EaBaseBoard.a(rotary.o)
 .debug_abbrev  0x00000c9c       0x4a C:\Users\251497\Documents\Lib_EaBaseBoard\Debug\libLib_EaBaseBoard.a(font5x7.o)
 .debug_abbrev  0x00000ce6      0x176 C:\Users\251497\Documents\Lib_MCU\Debug\libLib_MCU.a(adc.o)
 .debug_abbrev  0x00000e5c      0x23b C:\Users\251497\Documents\Lib_MCU\Debug\libLib_MCU.a(gpio.o)
 .debug_abbrev  0x00001097      0x22e C:\Users\251497\Documents\Lib_MCU\Debug\libLib_MCU.a(i2c.o)
 .debug_abbrev  0x000012c5      0x1fa C:\Users\251497\Documents\Lib_MCU\Debug\libLib_MCU.a(ssp.o)
 .debug_abbrev  0x000014bf      0x1b3 C:\Users\251497\Documents\Lib_MCU\Debug\libLib_MCU.a(timer32.o)
 .debug_abbrev  0x00001672      0x201 C:\Users\251497\Documents\Lib_MCU\Debug\libLib_MCU.a(uart.o)
 .debug_abbrev  0x00001873      0x118 C:\Users\251497\Documents\Lib_CMSISv1p30_LPC13xx\Debug\libLib_CMSISv1p30_LPC13xx.a(system_LPC13xx.o)
 .debug_abbrev  0x0000198b       0x70 c:/nxp/mcuxpressoide_11.9.1_2170/ide/plugins/com.nxp.mcuxpresso.tools.win32_11.9.1.202402080819/tools/bin/../lib/gcc/arm-none-eabi/12.3.1/../../../../arm-none-eabi/lib/thumb/v7-m/nofp\libcr_semihost.a(_cr__main.o)
 .debug_abbrev  0x000019fb       0xa8 c:/nxp/mcuxpressoide_11.9.1_2170/ide/plugins/com.nxp.mcuxpresso.tools.win32_11.9.1.202402080819/tools/bin/../lib/gcc/arm-none-eabi/12.3.1/../../../../arm-none-eabi/lib/thumb/v7-m/nofp\libcr_c.a(memset.o)
 .debug_abbrev  0x00001aa3      0x169 c:/nxp/mcuxpressoide_11.9.1_2170/ide/plugins/com.nxp.mcuxpresso.tools.win32_11.9.1.202402080819/tools/bin/../lib/gcc/arm-none-eabi/12.3.1/../../../../arm-none-eabi/lib/thumb/v7-m/nofp\libcr_c.a(initio.o)
 .debug_abbrev  0x00001c0c       0xe1 c:/nxp/mcuxpressoide_11.9.1_2170/ide/plugins/com.nxp.mcuxpresso.tools.win32_11.9.1.202402080819/tools/bin/../lib/gcc/arm-none-eabi/12.3.1/../../../../arm-none-eabi/lib/thumb/v7-m/nofp\libcr_c.a(setvbuf.o)
 .debug_abbrev  0x00001ced      0x119 c:/nxp/mcuxpressoide_11.9.1_2170/ide/plugins/com.nxp.mcuxpresso.tools.win32_11.9.1.202402080819/tools/bin/../lib/gcc/arm-none-eabi/12.3.1/../../../../arm-none-eabi/lib/thumb/v7-m/nofp\libcr_c.a(_fdopen.o)
 .debug_abbrev  0x00001e06      0x155 c:/nxp/mcuxpressoide_11.9.1_2170/ide/plugins/com.nxp.mcuxpresso.tools.win32_11.9.1.202402080819/tools/bin/../lib/gcc/arm-none-eabi/12.3.1/../../../../arm-none-eabi/lib/thumb/v7-m/nofp\libcr_c.a(fclose.o)
 .debug_abbrev  0x00001f5b      0x125 c:/nxp/mcuxpressoide_11.9.1_2170/ide/plugins/com.nxp.mcuxpresso.tools.win32_11.9.1.202402080819/tools/bin/../lib/gcc/arm-none-eabi/12.3.1/../../../../arm-none-eabi/lib/thumb/v7-m/nofp\libcr_c.a(fflush.o)
 .debug_abbrev  0x00002080      0x11b c:/nxp/mcuxpressoide_11.9.1_2170/ide/plugins/com.nxp.mcuxpresso.tools.win32_11.9.1.202402080819/tools/bin/../lib/gcc/arm-none-eabi/12.3.1/../../../../arm-none-eabi/lib/thumb/v7-m/nofp\libcr_c.a(fseek.o)
 .debug_abbrev  0x0000219b       0xc2 c:/nxp/mcuxpressoide_11.9.1_2170/ide/plugins/com.nxp.mcuxpresso.tools.win32_11.9.1.202402080819/tools/bin/../lib/gcc/arm-none-eabi/12.3.1/../../../../arm-none-eabi/lib/thumb/v7-m/nofp\libcr_c.a(ftell.o)
 .debug_abbrev  0x0000225d       0xfb c:/nxp/mcuxpressoide_11.9.1_2170/ide/plugins/com.nxp.mcuxpresso.tools.win32_11.9.1.202402080819/tools/bin/../lib/gcc/arm-none-eabi/12.3.1/../../../../arm-none-eabi/lib/thumb/v7-m/nofp\libcr_c.a(remove.o)
 .debug_abbrev  0x00002358       0xa7 c:/nxp/mcuxpressoide_11.9.1_2170/ide/plugins/com.nxp.mcuxpresso.tools.win32_11.9.1.202402080819/tools/bin/../lib/gcc/arm-none-eabi/12.3.1/../../../../arm-none-eabi/lib/thumb/v7-m/nofp\libcr_c.a(strlen.o)
 .debug_abbrev  0x000023ff      0x12c c:/nxp/mcuxpressoide_11.9.1_2170/ide/plugins/com.nxp.mcuxpresso.tools.win32_11.9.1.202402080819/tools/bin/../lib/gcc/arm-none-eabi/12.3.1/../../../../arm-none-eabi/lib/thumb/v7-m/nofp\libcr_c.a(_do_fflush.o)
 .debug_abbrev  0x0000252b       0xf1 c:/nxp/mcuxpressoide_11.9.1_2170/ide/plugins/com.nxp.mcuxpresso.tools.win32_11.9.1.202402080819/tools/bin/../lib/gcc/arm-none-eabi/12.3.1/../../../../arm-none-eabi/lib/thumb/v7-m/nofp\libcr_c.a(_fflush.o)
 .debug_abbrev  0x0000261c      0x126 c:/nxp/mcuxpressoide_11.9.1_2170/ide/plugins/com.nxp.mcuxpresso.tools.win32_11.9.1.202402080819/tools/bin/../lib/gcc/arm-none-eabi/12.3.1/../../../../arm-none-eabi/lib/thumb/v7-m/nofp\libcr_c.a(_writebuf.o)
 .debug_abbrev  0x00002742      0x284 c:/nxp/mcuxpressoide_11.9.1_2170/ide/plugins/com.nxp.mcuxpresso.tools.win32_11.9.1.202402080819/tools/bin/../lib/gcc/arm-none-eabi/12.3.1/../../../../arm-none-eabi/lib/thumb/v7-m/nofp\libcr_c.a(alloc.o)
 .debug_abbrev  0x000029c6       0x44 c:/nxp/mcuxpressoide_11.9.1_2170/ide/plugins/com.nxp.mcuxpresso.tools.win32_11.9.1.202402080819/tools/bin/../lib/gcc/arm-none-eabi/12.3.1/../../../../arm-none-eabi/lib/thumb/v7-m/nofp\libcr_c.a(errno.o)
 .debug_abbrev  0x00002a0a      0x152 c:/nxp/mcuxpressoide_11.9.1_2170/ide/plugins/com.nxp.mcuxpresso.tools.win32_11.9.1.202402080819/tools/bin/../lib/gcc/arm-none-eabi/12.3.1/../../../../arm-none-eabi/lib/thumb/v7-m/nofp\libcr_c.a(_deferredlazyseek.o)
 .debug_abbrev  0x00002b5c       0xb5 c:/nxp/mcuxpressoide_11.9.1_2170/ide/plugins/com.nxp.mcuxpresso.tools.win32_11.9.1.202402080819/tools/bin/../lib/gcc/arm-none-eabi/12.3.1/../../../../arm-none-eabi/lib/thumb/v7-m/nofp\libcr_semihost.a(__ciob.o)

.debug_aranges  0x00000000      0x740
 .debug_aranges
                0x00000000       0x70 ./src/cr_startup_lpc13.o
 .debug_aranges
                0x00000070       0x78 ./src/main.o
 .debug_aranges
                0x000000e8       0x50 C:\Users\251497\Documents\Lib_EaBaseBoard\Debug\libLib_EaBaseBoard.a(acc.o)
 .debug_aranges
                0x00000138       0x28 C:\Users\251497\Documents\Lib_EaBaseBoard\Debug\libLib_EaBaseBoard.a(joystick.o)
 .debug_aranges
                0x00000160       0x28 C:\Users\251497\Documents\Lib_EaBaseBoard\Debug\libLib_EaBaseBoard.a(led7seg.o)
 .debug_aranges
                0x00000188       0x90 C:\Users\251497\Documents\Lib_EaBaseBoard\Debug\libLib_EaBaseBoard.a(oled.o)
 .debug_aranges
                0x00000218       0x70 C:\Users\251497\Documents\Lib_EaBaseBoard\Debug\libLib_EaBaseBoard.a(pca9532.o)
 .debug_aranges
                0x00000288       0x28 C:\Users\251497\Documents\Lib_EaBaseBoard\Debug\libLib_EaBaseBoard.a(rgb.o)
 .debug_aranges
                0x000002b0       0x28 C:\Users\251497\Documents\Lib_EaBaseBoard\Debug\libLib_EaBaseBoard.a(rotary.o)
 .debug_aranges
                0x000002d8       0x18 C:\Users\251497\Documents\Lib_EaBaseBoard\Debug\libLib_EaBaseBoard.a(font5x7.o)
 .debug_aranges
                0x000002f0       0x30 C:\Users\251497\Documents\Lib_MCU\Debug\libLib_MCU.a(adc.o)
 .debug_aranges
                0x00000320       0x68 C:\Users\251497\Documents\Lib_MCU\Debug\libLib_MCU.a(gpio.o)
 .debug_aranges
                0x00000388       0x58 C:\Users\251497\Documents\Lib_MCU\Debug\libLib_MCU.a(i2c.o)
 .debug_aranges
                0x000003e0       0x40 C:\Users\251497\Documents\Lib_MCU\Debug\libLib_MCU.a(ssp.o)
 .debug_aranges
                0x00000420       0x50 C:\Users\251497\Documents\Lib_MCU\Debug\libLib_MCU.a(timer32.o)
 .debug_aranges
                0x00000470       0x40 C:\Users\251497\Documents\Lib_MCU\Debug\libLib_MCU.a(uart.o)
 .debug_aranges
                0x000004b0       0x28 C:\Users\251497\Documents\Lib_CMSISv1p30_LPC13xx\Debug\libLib_CMSISv1p30_LPC13xx.a(system_LPC13xx.o)
 .debug_aranges
                0x000004d8       0x20 c:/nxp/mcuxpressoide_11.9.1_2170/ide/plugins/com.nxp.mcuxpresso.tools.win32_11.9.1.202402080819/tools/bin/../lib/gcc/arm-none-eabi/12.3.1/../../../../arm-none-eabi/lib/thumb/v7-m/nofp\libcr_semihost.a(_cr__main.o)
 .debug_aranges
                0x000004f8       0x20 c:/nxp/mcuxpressoide_11.9.1_2170/ide/plugins/com.nxp.mcuxpresso.tools.win32_11.9.1.202402080819/tools/bin/../lib/gcc/arm-none-eabi/12.3.1/../../../../arm-none-eabi/lib/thumb/v7-m/nofp\libcr_c.a(memset.o)
 .debug_aranges
                0x00000518       0x28 c:/nxp/mcuxpressoide_11.9.1_2170/ide/plugins/com.nxp.mcuxpresso.tools.win32_11.9.1.202402080819/tools/bin/../lib/gcc/arm-none-eabi/12.3.1/../../../../arm-none-eabi/lib/thumb/v7-m/nofp\libcr_c.a(initio.o)
 .debug_aranges
                0x00000540       0x20 c:/nxp/mcuxpressoide_11.9.1_2170/ide/plugins/com.nxp.mcuxpresso.tools.win32_11.9.1.202402080819/tools/bin/../lib/gcc/arm-none-eabi/12.3.1/../../../../arm-none-eabi/lib/thumb/v7-m/nofp\libcr_c.a(setvbuf.o)
 .debug_aranges
                0x00000560       0x20 c:/nxp/mcuxpressoide_11.9.1_2170/ide/plugins/com.nxp.mcuxpresso.tools.win32_11.9.1.202402080819/tools/bin/../lib/gcc/arm-none-eabi/12.3.1/../../../../arm-none-eabi/lib/thumb/v7-m/nofp\libcr_c.a(_fdopen.o)
 .debug_aranges
                0x00000580       0x20 c:/nxp/mcuxpressoide_11.9.1_2170/ide/plugins/com.nxp.mcuxpresso.tools.win32_11.9.1.202402080819/tools/bin/../lib/gcc/arm-none-eabi/12.3.1/../../../../arm-none-eabi/lib/thumb/v7-m/nofp\libcr_c.a(fclose.o)
 .debug_aranges
                0x000005a0       0x20 c:/nxp/mcuxpressoide_11.9.1_2170/ide/plugins/com.nxp.mcuxpresso.tools.win32_11.9.1.202402080819/tools/bin/../lib/gcc/arm-none-eabi/12.3.1/../../../../arm-none-eabi/lib/thumb/v7-m/nofp\libcr_c.a(fflush.o)
 .debug_aranges
                0x000005c0       0x20 c:/nxp/mcuxpressoide_11.9.1_2170/ide/plugins/com.nxp.mcuxpresso.tools.win32_11.9.1.202402080819/tools/bin/../lib/gcc/arm-none-eabi/12.3.1/../../../../arm-none-eabi/lib/thumb/v7-m/nofp\libcr_c.a(fseek.o)
 .debug_aranges
                0x000005e0       0x20 c:/nxp/mcuxpressoide_11.9.1_2170/ide/plugins/com.nxp.mcuxpresso.tools.win32_11.9.1.202402080819/tools/bin/../lib/gcc/arm-none-eabi/12.3.1/../../../../arm-none-eabi/lib/thumb/v7-m/nofp\libcr_c.a(ftell.o)
 .debug_aranges
                0x00000600       0x28 c:/nxp/mcuxpressoide_11.9.1_2170/ide/plugins/com.nxp.mcuxpresso.tools.win32_11.9.1.202402080819/tools/bin/../lib/gcc/arm-none-eabi/12.3.1/../../../../arm-none-eabi/lib/thumb/v7-m/nofp\libcr_c.a(remove.o)
 .debug_aranges
                0x00000628       0x20 c:/nxp/mcuxpressoide_11.9.1_2170/ide/plugins/com.nxp.mcuxpresso.tools.win32_11.9.1.202402080819/tools/bin/../lib/gcc/arm-none-eabi/12.3.1/../../../../arm-none-eabi/lib/thumb/v7-m/nofp\libcr_c.a(strlen.o)
 .debug_aranges
                0x00000648       0x20 c:/nxp/mcuxpressoide_11.9.1_2170/ide/plugins/com.nxp.mcuxpresso.tools.win32_11.9.1.202402080819/tools/bin/../lib/gcc/arm-none-eabi/12.3.1/../../../../arm-none-eabi/lib/thumb/v7-m/nofp\libcr_c.a(_do_fflush.o)
 .debug_aranges
                0x00000668       0x20 c:/nxp/mcuxpressoide_11.9.1_2170/ide/plugins/com.nxp.mcuxpresso.tools.win32_11.9.1.202402080819/tools/bin/../lib/gcc/arm-none-eabi/12.3.1/../../../../arm-none-eabi/lib/thumb/v7-m/nofp\libcr_c.a(_fflush.o)
 .debug_aranges
                0x00000688       0x20 c:/nxp/mcuxpressoide_11.9.1_2170/ide/plugins/com.nxp.mcuxpresso.tools.win32_11.9.1.202402080819/tools/bin/../lib/gcc/arm-none-eabi/12.3.1/../../../../arm-none-eabi/lib/thumb/v7-m/nofp\libcr_c.a(_writebuf.o)
 .debug_aranges
                0x000006a8       0x40 c:/nxp/mcuxpressoide_11.9.1_2170/ide/plugins/com.nxp.mcuxpresso.tools.win32_11.9.1.202402080819/tools/bin/../lib/gcc/arm-none-eabi/12.3.1/../../../../arm-none-eabi/lib/thumb/v7-m/nofp\libcr_c.a(alloc.o)
 .debug_aranges
                0x000006e8       0x18 c:/nxp/mcuxpressoide_11.9.1_2170/ide/plugins/com.nxp.mcuxpresso.tools.win32_11.9.1.202402080819/tools/bin/../lib/gcc/arm-none-eabi/12.3.1/../../../../arm-none-eabi/lib/thumb/v7-m/nofp\libcr_c.a(errno.o)
 .debug_aranges
                0x00000700       0x28 c:/nxp/mcuxpressoide_11.9.1_2170/ide/plugins/com.nxp.mcuxpresso.tools.win32_11.9.1.202402080819/tools/bin/../lib/gcc/arm-none-eabi/12.3.1/../../../../arm-none-eabi/lib/thumb/v7-m/nofp\libcr_c.a(_deferredlazyseek.o)
 .debug_aranges
                0x00000728       0x18 c:/nxp/mcuxpressoide_11.9.1_2170/ide/plugins/com.nxp.mcuxpresso.tools.win32_11.9.1.202402080819/tools/bin/../lib/gcc/arm-none-eabi/12.3.1/../../../../arm-none-eabi/lib/thumb/v7-m/nofp\libcr_semihost.a(__ciob.o)

.debug_ranges   0x00000000      0x560
 .debug_ranges  0x00000000       0x60 ./src/cr_startup_lpc13.o
 .debug_ranges  0x00000060       0x68 ./src/main.o
 .debug_ranges  0x000000c8       0x40 C:\Users\251497\Documents\Lib_EaBaseBoard\Debug\libLib_EaBaseBoard.a(acc.o)
 .debug_ranges  0x00000108       0x18 C:\Users\251497\Documents\Lib_EaBaseBoard\Debug\libLib_EaBaseBoard.a(joystick.o)
 .debug_ranges  0x00000120       0x18 C:\Users\251497\Documents\Lib_EaBaseBoard\Debug\libLib_EaBaseBoard.a(led7seg.o)
 .debug_ranges  0x00000138       0x80 C:\Users\251497\Documents\Lib_EaBaseBoard\Debug\libLib_EaBaseBoard.a(oled.o)
 .debug_ranges  0x000001b8       0x60 C:\Users\251497\Documents\Lib_EaBaseBoard\Debug\libLib_EaBaseBoard.a(pca9532.o)
 .debug_ranges  0x00000218       0x18 C:\Users\251497\Documents\Lib_EaBaseBoard\Debug\libLib_EaBaseBoard.a(rgb.o)
 .debug_ranges  0x00000230       0x18 C:\Users\251497\Documents\Lib_EaBaseBoard\Debug\libLib_EaBaseBoard.a(rotary.o)
 .debug_ranges  0x00000248       0x20 C:\Users\251497\Documents\Lib_MCU\Debug\libLib_MCU.a(adc.o)
 .debug_ranges  0x00000268       0x58 C:\Users\251497\Documents\Lib_MCU\Debug\libLib_MCU.a(gpio.o)
 .debug_ranges  0x000002c0       0x48 C:\Users\251497\Documents\Lib_MCU\Debug\libLib_MCU.a(i2c.o)
 .debug_ranges  0x00000308       0x30 C:\Users\251497\Documents\Lib_MCU\Debug\libLib_MCU.a(ssp.o)
 .debug_ranges  0x00000338       0x40 C:\Users\251497\Documents\Lib_MCU\Debug\libLib_MCU.a(timer32.o)
 .debug_ranges  0x00000378       0x30 C:\Users\251497\Documents\Lib_MCU\Debug\libLib_MCU.a(uart.o)
 .debug_ranges  0x000003a8       0x18 C:\Users\251497\Documents\Lib_CMSISv1p30_LPC13xx\Debug\libLib_CMSISv1p30_LPC13xx.a(system_LPC13xx.o)
 .debug_ranges  0x000003c0       0x10 c:/nxp/mcuxpressoide_11.9.1_2170/ide/plugins/com.nxp.mcuxpresso.tools.win32_11.9.1.202402080819/tools/bin/../lib/gcc/arm-none-eabi/12.3.1/../../../../arm-none-eabi/lib/thumb/v7-m/nofp\libcr_semihost.a(_cr__main.o)
 .debug_ranges  0x000003d0       0x10 c:/nxp/mcuxpressoide_11.9.1_2170/ide/plugins/com.nxp.mcuxpresso.tools.win32_11.9.1.202402080819/tools/bin/../lib/gcc/arm-none-eabi/12.3.1/../../../../arm-none-eabi/lib/thumb/v7-m/nofp\libcr_c.a(memset.o)
 .debug_ranges  0x000003e0       0x18 c:/nxp/mcuxpressoide_11.9.1_2170/ide/plugins/com.nxp.mcuxpresso.tools.win32_11.9.1.202402080819/tools/bin/../lib/gcc/arm-none-eabi/12.3.1/../../../../arm-none-eabi/lib/thumb/v7-m/nofp\libcr_c.a(initio.o)
 .debug_ranges  0x000003f8       0x10 c:/nxp/mcuxpressoide_11.9.1_2170/ide/plugins/com.nxp.mcuxpresso.tools.win32_11.9.1.202402080819/tools/bin/../lib/gcc/arm-none-eabi/12.3.1/../../../../arm-none-eabi/lib/thumb/v7-m/nofp\libcr_c.a(setvbuf.o)
 .debug_ranges  0x00000408       0x10 c:/nxp/mcuxpressoide_11.9.1_2170/ide/plugins/com.nxp.mcuxpresso.tools.win32_11.9.1.202402080819/tools/bin/../lib/gcc/arm-none-eabi/12.3.1/../../../../arm-none-eabi/lib/thumb/v7-m/nofp\libcr_c.a(_fdopen.o)
 .debug_ranges  0x00000418       0x10 c:/nxp/mcuxpressoide_11.9.1_2170/ide/plugins/com.nxp.mcuxpresso.tools.win32_11.9.1.202402080819/tools/bin/../lib/gcc/arm-none-eabi/12.3.1/../../../../arm-none-eabi/lib/thumb/v7-m/nofp\libcr_c.a(fclose.o)
 .debug_ranges  0x00000428       0x28 c:/nxp/mcuxpressoide_11.9.1_2170/ide/plugins/com.nxp.mcuxpresso.tools.win32_11.9.1.202402080819/tools/bin/../lib/gcc/arm-none-eabi/12.3.1/../../../../arm-none-eabi/lib/thumb/v7-m/nofp\libcr_c.a(fflush.o)
 .debug_ranges  0x00000450       0x10 c:/nxp/mcuxpressoide_11.9.1_2170/ide/plugins/com.nxp.mcuxpresso.tools.win32_11.9.1.202402080819/tools/bin/../lib/gcc/arm-none-eabi/12.3.1/../../../../arm-none-eabi/lib/thumb/v7-m/nofp\libcr_c.a(fseek.o)
 .debug_ranges  0x00000460       0x10 c:/nxp/mcuxpressoide_11.9.1_2170/ide/plugins/com.nxp.mcuxpresso.tools.win32_11.9.1.202402080819/tools/bin/../lib/gcc/arm-none-eabi/12.3.1/../../../../arm-none-eabi/lib/thumb/v7-m/nofp\libcr_c.a(ftell.o)
 .debug_ranges  0x00000470       0x18 c:/nxp/mcuxpressoide_11.9.1_2170/ide/plugins/com.nxp.mcuxpresso.tools.win32_11.9.1.202402080819/tools/bin/../lib/gcc/arm-none-eabi/12.3.1/../../../../arm-none-eabi/lib/thumb/v7-m/nofp\libcr_c.a(remove.o)
 .debug_ranges  0x00000488       0x10 c:/nxp/mcuxpressoide_11.9.1_2170/ide/plugins/com.nxp.mcuxpresso.tools.win32_11.9.1.202402080819/tools/bin/../lib/gcc/arm-none-eabi/12.3.1/../../../../arm-none-eabi/lib/thumb/v7-m/nofp\libcr_c.a(strlen.o)
 .debug_ranges  0x00000498       0x28 c:/nxp/mcuxpressoide_11.9.1_2170/ide/plugins/com.nxp.mcuxpresso.tools.win32_11.9.1.202402080819/tools/bin/../lib/gcc/arm-none-eabi/12.3.1/../../../../arm-none-eabi/lib/thumb/v7-m/nofp\libcr_c.a(_do_fflush.o)
 .debug_ranges  0x000004c0       0x10 c:/nxp/mcuxpressoide_11.9.1_2170/ide/plugins/com.nxp.mcuxpresso.tools.win32_11.9.1.202402080819/tools/bin/../lib/gcc/arm-none-eabi/12.3.1/../../../../arm-none-eabi/lib/thumb/v7-m/nofp\libcr_c.a(_fflush.o)
 .debug_ranges  0x000004d0       0x10 c:/nxp/mcuxpressoide_11.9.1_2170/ide/plugins/com.nxp.mcuxpresso.tools.win32_11.9.1.202402080819/tools/bin/../lib/gcc/arm-none-eabi/12.3.1/../../../../arm-none-eabi/lib/thumb/v7-m/nofp\libcr_c.a(_writebuf.o)
 .debug_ranges  0x000004e0       0x48 c:/nxp/mcuxpressoide_11.9.1_2170/ide/plugins/com.nxp.mcuxpresso.tools.win32_11.9.1.202402080819/tools/bin/../lib/gcc/arm-none-eabi/12.3.1/../../../../arm-none-eabi/lib/thumb/v7-m/nofp\libcr_c.a(alloc.o)
 .debug_ranges  0x00000528       0x38 c:/nxp/mcuxpressoide_11.9.1_2170/ide/plugins/com.nxp.mcuxpresso.tools.win32_11.9.1.202402080819/tools/bin/../lib/gcc/arm-none-eabi/12.3.1/../../../../arm-none-eabi/lib/thumb/v7-m/nofp\libcr_c.a(_deferredlazyseek.o)

.debug_macro    0x00000000     0x4f91
 .debug_macro   0x00000000       0x52 ./src/cr_startup_lpc13.o
 .debug_macro   0x00000052      0xaba ./src/cr_startup_lpc13.o
 .debug_macro   0x00000b0c       0x10 ./src/cr_startup_lpc13.o
 .debug_macro   0x00000b1c      0x12e ./src/cr_startup_lpc13.o
 .debug_macro   0x00000c4a      0x5b3 ./src/cr_startup_lpc13.o
 .debug_macro   0x000011fd      0x111 ./src/main.o
 .debug_macro   0x0000130e       0x1c ./src/main.o
 .debug_macro   0x0000132a       0x22 ./src/main.o
 .debug_macro   0x0000134c      0x7b7 ./src/main.o
 .debug_macro   0x00001b03      0x115 ./src/main.o
 .debug_macro   0x00001c18       0x1c ./src/main.o
 .debug_macro   0x00001c34       0xa0 ./src/main.o
 .debug_macro   0x00001cd4       0x9a ./src/main.o
 .debug_macro   0x00001d6e       0x16 ./src/main.o
 .debug_macro   0x00001d84       0x22 ./src/main.o
 .debug_macro   0x00001da6       0xb8 ./src/main.o
 .debug_macro   0x00001e5e      0x11e ./src/main.o
 .debug_macro   0x00001f7c       0x46 ./src/main.o
 .debug_macro   0x00001fc2       0x28 ./src/main.o
 .debug_macro   0x00001fea       0xb2 ./src/main.o
 .debug_macro   0x0000209c       0x1c ./src/main.o
 .debug_macro   0x000020b8       0x16 ./src/main.o
 .debug_macro   0x000020ce       0x1c ./src/main.o
 .debug_macro   0x000020ea      0x166 C:\Users\251497\Documents\Lib_EaBaseBoard\Debug\libLib_EaBaseBoard.a(acc.o)
 .debug_macro   0x00002250      0xab4 C:\Users\251497\Documents\Lib_EaBaseBoard\Debug\libLib_EaBaseBoard.a(acc.o)
 .debug_macro   0x00002d04       0x8d C:\Users\251497\Documents\Lib_EaBaseBoard\Debug\libLib_EaBaseBoard.a(joystick.o)
 .debug_macro   0x00002d91       0xa3 C:\Users\251497\Documents\Lib_EaBaseBoard\Debug\libLib_EaBaseBoard.a(led7seg.o)
 .debug_macro   0x00002e34       0xe1 C:\Users\251497\Documents\Lib_EaBaseBoard\Debug\libLib_EaBaseBoard.a(oled.o)
 .debug_macro   0x00002f15       0xa5 C:\Users\251497\Documents\Lib_EaBaseBoard\Debug\libLib_EaBaseBoard.a(pca9532.o)
 .debug_macro   0x00002fba       0x8d C:\Users\251497\Documents\Lib_EaBaseBoard\Debug\libLib_EaBaseBoard.a(rgb.o)
 .debug_macro   0x00003047       0xbd C:\Users\251497\Documents\Lib_EaBaseBoard\Debug\libLib_EaBaseBoard.a(rotary.o)
 .debug_macro   0x00003104       0x1a C:\Users\251497\Documents\Lib_EaBaseBoard\Debug\libLib_EaBaseBoard.a(font5x7.o)
 .debug_macro   0x0000311e      0x696 C:\Users\251497\Documents\Lib_EaBaseBoard\Debug\libLib_EaBaseBoard.a(font5x7.o)
 .debug_macro   0x000037b4       0x7b C:\Users\251497\Documents\Lib_MCU\Debug\libLib_MCU.a(adc.o)
 .debug_macro   0x0000382f       0x7b C:\Users\251497\Documents\Lib_MCU\Debug\libLib_MCU.a(gpio.o)
 .debug_macro   0x000038aa       0x84 C:\Users\251497\Documents\Lib_MCU\Debug\libLib_MCU.a(i2c.o)
 .debug_macro   0x0000392e       0x84 C:\Users\251497\Documents\Lib_MCU\Debug\libLib_MCU.a(ssp.o)
 .debug_macro   0x000039b2       0x7b C:\Users\251497\Documents\Lib_MCU\Debug\libLib_MCU.a(timer32.o)
 .debug_macro   0x00003a2d       0x81 C:\Users\251497\Documents\Lib_MCU\Debug\libLib_MCU.a(uart.o)
 .debug_macro   0x00003aae      0x12f C:\Users\251497\Documents\Lib_CMSISv1p30_LPC13xx\Debug\libLib_CMSISv1p30_LPC13xx.a(system_LPC13xx.o)
 .debug_macro   0x00003bdd      0xaae C:\Users\251497\Documents\Lib_CMSISv1p30_LPC13xx\Debug\libLib_CMSISv1p30_LPC13xx.a(system_LPC13xx.o)
 .debug_macro   0x0000468b       0x1c C:\Users\251497\Documents\Lib_CMSISv1p30_LPC13xx\Debug\libLib_CMSISv1p30_LPC13xx.a(system_LPC13xx.o)
 .debug_macro   0x000046a7      0x7d5 C:\Users\251497\Documents\Lib_CMSISv1p30_LPC13xx\Debug\libLib_CMSISv1p30_LPC13xx.a(system_LPC13xx.o)
 .debug_macro   0x00004e7c      0x115 C:\Users\251497\Documents\Lib_CMSISv1p30_LPC13xx\Debug\libLib_CMSISv1p30_LPC13xx.a(system_LPC13xx.o)

.debug_line     0x00000000     0x5cf3
 .debug_line    0x00000000      0x2eb ./src/cr_startup_lpc13.o
 .debug_line    0x000002eb      0x713 ./src/main.o
 .debug_line    0x000009fe      0x357 C:\Users\251497\Documents\Lib_EaBaseBoard\Debug\libLib_EaBaseBoard.a(acc.o)
 .debug_line    0x00000d55      0x2af C:\Users\251497\Documents\Lib_EaBaseBoard\Debug\libLib_EaBaseBoard.a(joystick.o)
 .debug_line    0x00001004      0x2a2 C:\Users\251497\Documents\Lib_EaBaseBoard\Debug\libLib_EaBaseBoard.a(led7seg.o)
 .debug_line    0x000012a6      0x7b5 C:\Users\251497\Documents\Lib_EaBaseBoard\Debug\libLib_EaBaseBoard.a(oled.o)
 .debug_line    0x00001a5b      0x46a C:\Users\251497\Documents\Lib_EaBaseBoard\Debug\libLib_EaBaseBoard.a(pca9532.o)
 .debug_line    0x00001ec5      0x2b8 C:\Users\251497\Documents\Lib_EaBaseBoard\Debug\libLib_EaBaseBoard.a(rgb.o)
 .debug_line    0x0000217d      0x2d8 C:\Users\251497\Documents\Lib_EaBaseBoard\Debug\libLib_EaBaseBoard.a(rotary.o)
 .debug_line    0x00002455       0x6f C:\Users\251497\Documents\Lib_EaBaseBoard\Debug\libLib_EaBaseBoard.a(font5x7.o)
 .debug_line    0x000024c4      0x2ef C:\Users\251497\Documents\Lib_MCU\Debug\libLib_MCU.a(adc.o)
 .debug_line    0x000027b3      0x7d3 C:\Users\251497\Documents\Lib_MCU\Debug\libLib_MCU.a(gpio.o)
 .debug_line    0x00002f86      0x4bd C:\Users\251497\Documents\Lib_MCU\Debug\libLib_MCU.a(i2c.o)
 .debug_line    0x00003443      0x3ef C:\Users\251497\Documents\Lib_MCU\Debug\libLib_MCU.a(ssp.o)
 .debug_line    0x00003832      0x4cb C:\Users\251497\Documents\Lib_MCU\Debug\libLib_MCU.a(timer32.o)
 .debug_line    0x00003cfd      0x3ec C:\Users\251497\Documents\Lib_MCU\Debug\libLib_MCU.a(uart.o)
 .debug_line    0x000040e9      0x546 C:\Users\251497\Documents\Lib_CMSISv1p30_LPC13xx\Debug\libLib_CMSISv1p30_LPC13xx.a(system_LPC13xx.o)
 .debug_line    0x0000462f       0xc8 c:/nxp/mcuxpressoide_11.9.1_2170/ide/plugins/com.nxp.mcuxpresso.tools.win32_11.9.1.202402080819/tools/bin/../lib/gcc/arm-none-eabi/12.3.1/../../../../arm-none-eabi/lib/thumb/v7-m/nofp\libcr_semihost.a(_cr__main.o)
 .debug_line    0x000046f7       0x7b c:/nxp/mcuxpressoide_11.9.1_2170/ide/plugins/com.nxp.mcuxpresso.tools.win32_11.9.1.202402080819/tools/bin/../lib/gcc/arm-none-eabi/12.3.1/../../../../arm-none-eabi/lib/thumb/v7-m/nofp\libcr_c.a(memset.o)
 .debug_line    0x00004772      0x129 c:/nxp/mcuxpressoide_11.9.1_2170/ide/plugins/com.nxp.mcuxpresso.tools.win32_11.9.1.202402080819/tools/bin/../lib/gcc/arm-none-eabi/12.3.1/../../../../arm-none-eabi/lib/thumb/v7-m/nofp\libcr_c.a(initio.o)
 .debug_line    0x0000489b       0xec c:/nxp/mcuxpressoide_11.9.1_2170/ide/plugins/com.nxp.mcuxpresso.tools.win32_11.9.1.202402080819/tools/bin/../lib/gcc/arm-none-eabi/12.3.1/../../../../arm-none-eabi/lib/thumb/v7-m/nofp\libcr_c.a(setvbuf.o)
 .debug_line    0x00004987      0x13c c:/nxp/mcuxpressoide_11.9.1_2170/ide/plugins/com.nxp.mcuxpresso.tools.win32_11.9.1.202402080819/tools/bin/../lib/gcc/arm-none-eabi/12.3.1/../../../../arm-none-eabi/lib/thumb/v7-m/nofp\libcr_c.a(_fdopen.o)
 .debug_line    0x00004ac3      0x107 c:/nxp/mcuxpressoide_11.9.1_2170/ide/plugins/com.nxp.mcuxpresso.tools.win32_11.9.1.202402080819/tools/bin/../lib/gcc/arm-none-eabi/12.3.1/../../../../arm-none-eabi/lib/thumb/v7-m/nofp\libcr_c.a(fclose.o)
 .debug_line    0x00004bca       0xd1 c:/nxp/mcuxpressoide_11.9.1_2170/ide/plugins/com.nxp.mcuxpresso.tools.win32_11.9.1.202402080819/tools/bin/../lib/gcc/arm-none-eabi/12.3.1/../../../../arm-none-eabi/lib/thumb/v7-m/nofp\libcr_c.a(fflush.o)
 .debug_line    0x00004c9b      0x23f c:/nxp/mcuxpressoide_11.9.1_2170/ide/plugins/com.nxp.mcuxpresso.tools.win32_11.9.1.202402080819/tools/bin/../lib/gcc/arm-none-eabi/12.3.1/../../../../arm-none-eabi/lib/thumb/v7-m/nofp\libcr_c.a(fseek.o)
 .debug_line    0x00004eda      0x10a c:/nxp/mcuxpressoide_11.9.1_2170/ide/plugins/com.nxp.mcuxpresso.tools.win32_11.9.1.202402080819/tools/bin/../lib/gcc/arm-none-eabi/12.3.1/../../../../arm-none-eabi/lib/thumb/v7-m/nofp\libcr_c.a(ftell.o)
 .debug_line    0x00004fe4       0xdc c:/nxp/mcuxpressoide_11.9.1_2170/ide/plugins/com.nxp.mcuxpresso.tools.win32_11.9.1.202402080819/tools/bin/../lib/gcc/arm-none-eabi/12.3.1/../../../../arm-none-eabi/lib/thumb/v7-m/nofp\libcr_c.a(remove.o)
 .debug_line    0x000050c0      0x101 c:/nxp/mcuxpressoide_11.9.1_2170/ide/plugins/com.nxp.mcuxpresso.tools.win32_11.9.1.202402080819/tools/bin/../lib/gcc/arm-none-eabi/12.3.1/../../../../arm-none-eabi/lib/thumb/v7-m/nofp\libcr_c.a(strlen.o)
 .debug_line    0x000051c1      0x114 c:/nxp/mcuxpressoide_11.9.1_2170/ide/plugins/com.nxp.mcuxpresso.tools.win32_11.9.1.202402080819/tools/bin/../lib/gcc/arm-none-eabi/12.3.1/../../../../arm-none-eabi/lib/thumb/v7-m/nofp\libcr_c.a(_do_fflush.o)
 .debug_line    0x000052d5      0x117 c:/nxp/mcuxpressoide_11.9.1_2170/ide/plugins/com.nxp.mcuxpresso.tools.win32_11.9.1.202402080819/tools/bin/../lib/gcc/arm-none-eabi/12.3.1/../../../../arm-none-eabi/lib/thumb/v7-m/nofp\libcr_c.a(_fflush.o)
 .debug_line    0x000053ec      0x128 c:/nxp/mcuxpressoide_11.9.1_2170/ide/plugins/com.nxp.mcuxpresso.tools.win32_11.9.1.202402080819/tools/bin/../lib/gcc/arm-none-eabi/12.3.1/../../../../arm-none-eabi/lib/thumb/v7-m/nofp\libcr_c.a(_writebuf.o)
 .debug_line    0x00005514      0x3a1 c:/nxp/mcuxpressoide_11.9.1_2170/ide/plugins/com.nxp.mcuxpresso.tools.win32_11.9.1.202402080819/tools/bin/../lib/gcc/arm-none-eabi/12.3.1/../../../../arm-none-eabi/lib/thumb/v7-m/nofp\libcr_c.a(alloc.o)
 .debug_line    0x000058b5       0x4e c:/nxp/mcuxpressoide_11.9.1_2170/ide/plugins/com.nxp.mcuxpresso.tools.win32_11.9.1.202402080819/tools/bin/../lib/gcc/arm-none-eabi/12.3.1/../../../../arm-none-eabi/lib/thumb/v7-m/nofp\libcr_c.a(errno.o)
 .debug_line    0x00005903      0x2fe c:/nxp/mcuxpressoide_11.9.1_2170/ide/plugins/com.nxp.mcuxpresso.tools.win32_11.9.1.202402080819/tools/bin/../lib/gcc/arm-none-eabi/12.3.1/../../../../arm-none-eabi/lib/thumb/v7-m/nofp\libcr_c.a(_deferredlazyseek.o)
 .debug_line    0x00005c01       0xf2 c:/nxp/mcuxpressoide_11.9.1_2170/ide/plugins/com.nxp.mcuxpresso.tools.win32_11.9.1.202402080819/tools/bin/../lib/gcc/arm-none-eabi/12.3.1/../../../../arm-none-eabi/lib/thumb/v7-m/nofp\libcr_semihost.a(__ciob.o)

.debug_str      0x00000000     0xb8ea
 .debug_str     0x00000000     0x4583 ./src/cr_startup_lpc13.o
                               0x4616 (size before relaxing)
 .debug_str     0x00004583     0x4a20 ./src/main.o
                               0x8ef7 (size before relaxing)
 .debug_str     0x00008fa3      0x3f6 C:\Users\251497\Documents\Lib_EaBaseBoard\Debug\libLib_EaBaseBoard.a(acc.o)
                               0x7ff7 (size before relaxing)
 .debug_str     0x00009399       0x27 C:\Users\251497\Documents\Lib_EaBaseBoard\Debug\libLib_EaBaseBoard.a(joystick.o)
                               0x7a9f (size before relaxing)
 .debug_str     0x000093c0       0x7c C:\Users\251497\Documents\Lib_EaBaseBoard\Debug\libLib_EaBaseBoard.a(led7seg.o)
                               0x7ddc (size before relaxing)
 .debug_str     0x0000943c      0x2e5 C:\Users\251497\Documents\Lib_EaBaseBoard\Debug\libLib_EaBaseBoard.a(oled.o)
                               0x833a (size before relaxing)
 .debug_str     0x00009721      0x186 C:\Users\251497\Documents\Lib_EaBaseBoard\Debug\libLib_EaBaseBoard.a(pca9532.o)
                               0x7f93 (size before relaxing)
 .debug_str     0x000098a7        0xd C:\Users\251497\Documents\Lib_EaBaseBoard\Debug\libLib_EaBaseBoard.a(rgb.o)
                               0x7bf1 (size before relaxing)
 .debug_str     0x000098b4       0x82 C:\Users\251497\Documents\Lib_EaBaseBoard\Debug\libLib_EaBaseBoard.a(rotary.o)
                               0x7af2 (size before relaxing)
 .debug_str     0x00009936      0xe21 C:\Users\251497\Documents\Lib_EaBaseBoard\Debug\libLib_EaBaseBoard.a(font5x7.o)
                               0x3bfb (size before relaxing)
 .debug_str     0x0000a757       0x97 C:\Users\251497\Documents\Lib_MCU\Debug\libLib_MCU.a(adc.o)
                               0x7f00 (size before relaxing)
 .debug_str     0x0000a7ee      0x45f C:\Users\251497\Documents\Lib_MCU\Debug\libLib_MCU.a(gpio.o)
                               0x8130 (size before relaxing)
 .debug_str     0x0000ac4d      0x150 C:\Users\251497\Documents\Lib_MCU\Debug\libLib_MCU.a(i2c.o)
                               0x855e (size before relaxing)
 .debug_str     0x0000ad9d       0x8c C:\Users\251497\Documents\Lib_MCU\Debug\libLib_MCU.a(ssp.o)
                               0x858f (size before relaxing)
 .debug_str     0x0000ae29       0x77 C:\Users\251497\Documents\Lib_MCU\Debug\libLib_MCU.a(timer32.o)
                               0x829c (size before relaxing)
 .debug_str     0x0000aea0       0xa1 C:\Users\251497\Documents\Lib_MCU\Debug\libLib_MCU.a(uart.o)
                               0x83d4 (size before relaxing)
 .debug_str     0x0000af41      0x46b C:\Users\251497\Documents\Lib_CMSISv1p30_LPC13xx\Debug\libLib_CMSISv1p30_LPC13xx.a(system_LPC13xx.o)
                               0x7f99 (size before relaxing)
 .debug_str     0x0000b3ac      0x127 c:/nxp/mcuxpressoide_11.9.1_2170/ide/plugins/com.nxp.mcuxpresso.tools.win32_11.9.1.202402080819/tools/bin/../lib/gcc/arm-none-eabi/12.3.1/../../../../arm-none-eabi/lib/thumb/v7-m/nofp\libcr_semihost.a(_cr__main.o)
                                0x16c (size before relaxing)
 .debug_str     0x0000b4d3       0x78 c:/nxp/mcuxpressoide_11.9.1_2170/ide/plugins/com.nxp.mcuxpresso.tools.win32_11.9.1.202402080819/tools/bin/../lib/gcc/arm-none-eabi/12.3.1/../../../../arm-none-eabi/lib/thumb/v7-m/nofp\libcr_c.a(memset.o)
                                0x16d (size before relaxing)
 .debug_str     0x0000b54b       0xda c:/nxp/mcuxpressoide_11.9.1_2170/ide/plugins/com.nxp.mcuxpresso.tools.win32_11.9.1.202402080819/tools/bin/../lib/gcc/arm-none-eabi/12.3.1/../../../../arm-none-eabi/lib/thumb/v7-m/nofp\libcr_c.a(initio.o)
                                0x241 (size before relaxing)
 .debug_str     0x0000b625       0x28 c:/nxp/mcuxpressoide_11.9.1_2170/ide/plugins/com.nxp.mcuxpresso.tools.win32_11.9.1.202402080819/tools/bin/../lib/gcc/arm-none-eabi/12.3.1/../../../../arm-none-eabi/lib/thumb/v7-m/nofp\libcr_c.a(setvbuf.o)
                                0x220 (size before relaxing)
 .debug_str     0x0000b64d       0x20 c:/nxp/mcuxpressoide_11.9.1_2170/ide/plugins/com.nxp.mcuxpresso.tools.win32_11.9.1.202402080819/tools/bin/../lib/gcc/arm-none-eabi/12.3.1/../../../../arm-none-eabi/lib/thumb/v7-m/nofp\libcr_c.a(_fdopen.o)
                                0x21d (size before relaxing)
 .debug_str     0x0000b66d       0x33 c:/nxp/mcuxpressoide_11.9.1_2170/ide/plugins/com.nxp.mcuxpresso.tools.win32_11.9.1.202402080819/tools/bin/../lib/gcc/arm-none-eabi/12.3.1/../../../../arm-none-eabi/lib/thumb/v7-m/nofp\libcr_c.a(fclose.o)
                                0x24b (size before relaxing)
 .debug_str     0x0000b6a0       0x1b c:/nxp/mcuxpressoide_11.9.1_2170/ide/plugins/com.nxp.mcuxpresso.tools.win32_11.9.1.202402080819/tools/bin/../lib/gcc/arm-none-eabi/12.3.1/../../../../arm-none-eabi/lib/thumb/v7-m/nofp\libcr_c.a(fflush.o)
                                0x222 (size before relaxing)
 .debug_str     0x0000b6bb       0x4a c:/nxp/mcuxpressoide_11.9.1_2170/ide/plugins/com.nxp.mcuxpresso.tools.win32_11.9.1.202402080819/tools/bin/../lib/gcc/arm-none-eabi/12.3.1/../../../../arm-none-eabi/lib/thumb/v7-m/nofp\libcr_c.a(fseek.o)
                                0x23b (size before relaxing)
 .debug_str     0x0000b705       0x15 c:/nxp/mcuxpressoide_11.9.1_2170/ide/plugins/com.nxp.mcuxpresso.tools.win32_11.9.1.202402080819/tools/bin/../lib/gcc/arm-none-eabi/12.3.1/../../../../arm-none-eabi/lib/thumb/v7-m/nofp\libcr_c.a(ftell.o)
                                0x201 (size before relaxing)
 .debug_str     0x0000b71a       0x58 c:/nxp/mcuxpressoide_11.9.1_2170/ide/plugins/com.nxp.mcuxpresso.tools.win32_11.9.1.202402080819/tools/bin/../lib/gcc/arm-none-eabi/12.3.1/../../../../arm-none-eabi/lib/thumb/v7-m/nofp\libcr_c.a(remove.o)
                                0x1c0 (size before relaxing)
 .debug_str     0x0000b772       0x26 c:/nxp/mcuxpressoide_11.9.1_2170/ide/plugins/com.nxp.mcuxpresso.tools.win32_11.9.1.202402080819/tools/bin/../lib/gcc/arm-none-eabi/12.3.1/../../../../arm-none-eabi/lib/thumb/v7-m/nofp\libcr_c.a(strlen.o)
                                0x167 (size before relaxing)
 .debug_str     0x0000b798       0x26 c:/nxp/mcuxpressoide_11.9.1_2170/ide/plugins/com.nxp.mcuxpresso.tools.win32_11.9.1.202402080819/tools/bin/../lib/gcc/arm-none-eabi/12.3.1/../../../../arm-none-eabi/lib/thumb/v7-m/nofp\libcr_c.a(_do_fflush.o)
                                0x22c (size before relaxing)
 .debug_str     0x0000b7be       0x1c c:/nxp/mcuxpressoide_11.9.1_2170/ide/plugins/com.nxp.mcuxpresso.tools.win32_11.9.1.202402080819/tools/bin/../lib/gcc/arm-none-eabi/12.3.1/../../../../arm-none-eabi/lib/thumb/v7-m/nofp\libcr_c.a(_fflush.o)
                                0x216 (size before relaxing)
 .debug_str     0x0000b7da       0x2a c:/nxp/mcuxpressoide_11.9.1_2170/ide/plugins/com.nxp.mcuxpresso.tools.win32_11.9.1.202402080819/tools/bin/../lib/gcc/arm-none-eabi/12.3.1/../../../../arm-none-eabi/lib/thumb/v7-m/nofp\libcr_c.a(_writebuf.o)
                                0x230 (size before relaxing)
 .debug_str     0x0000b804       0xa3 c:/nxp/mcuxpressoide_11.9.1_2170/ide/plugins/com.nxp.mcuxpresso.tools.win32_11.9.1.202402080819/tools/bin/../lib/gcc/arm-none-eabi/12.3.1/../../../../arm-none-eabi/lib/thumb/v7-m/nofp\libcr_c.a(alloc.o)
                                0x20d (size before relaxing)
 .debug_str     0x0000b8a7        0xf c:/nxp/mcuxpressoide_11.9.1_2170/ide/plugins/com.nxp.mcuxpresso.tools.win32_11.9.1.202402080819/tools/bin/../lib/gcc/arm-none-eabi/12.3.1/../../../../arm-none-eabi/lib/thumb/v7-m/nofp\libcr_c.a(errno.o)
                                0x118 (size before relaxing)
 .debug_str     0x0000b8b6       0x24 c:/nxp/mcuxpressoide_11.9.1_2170/ide/plugins/com.nxp.mcuxpresso.tools.win32_11.9.1.202402080819/tools/bin/../lib/gcc/arm-none-eabi/12.3.1/../../../../arm-none-eabi/lib/thumb/v7-m/nofp\libcr_c.a(_deferredlazyseek.o)
                                0x264 (size before relaxing)
 .debug_str     0x0000b8da       0x10 c:/nxp/mcuxpressoide_11.9.1_2170/ide/plugins/com.nxp.mcuxpresso.tools.win32_11.9.1.202402080819/tools/bin/../lib/gcc/arm-none-eabi/12.3.1/../../../../arm-none-eabi/lib/thumb/v7-m/nofp\libcr_semihost.a(__ciob.o)
                                0x204 (size before relaxing)

.comment        0x00000000       0x45
 .comment       0x00000000       0x45 ./src/cr_startup_lpc13.o
                                 0x46 (size before relaxing)
 .comment       0x00000045       0x46 ./src/main.o
 .comment       0x00000045       0x46 C:\Users\251497\Documents\Lib_EaBaseBoard\Debug\libLib_EaBaseBoard.a(acc.o)
 .comment       0x00000045       0x46 C:\Users\251497\Documents\Lib_EaBaseBoard\Debug\libLib_EaBaseBoard.a(joystick.o)
 .comment       0x00000045       0x46 C:\Users\251497\Documents\Lib_EaBaseBoard\Debug\libLib_EaBaseBoard.a(led7seg.o)
 .comment       0x00000045       0x46 C:\Users\251497\Documents\Lib_EaBaseBoard\Debug\libLib_EaBaseBoard.a(oled.o)
 .comment       0x00000045       0x46 C:\Users\251497\Documents\Lib_EaBaseBoard\Debug\libLib_EaBaseBoard.a(pca9532.o)
 .comment       0x00000045       0x46 C:\Users\251497\Documents\Lib_EaBaseBoard\Debug\libLib_EaBaseBoard.a(rgb.o)
 .comment       0x00000045       0x46 C:\Users\251497\Documents\Lib_EaBaseBoard\Debug\libLib_EaBaseBoard.a(rotary.o)
 .comment       0x00000045       0x46 C:\Users\251497\Documents\Lib_EaBaseBoard\Debug\libLib_EaBaseBoard.a(font5x7.o)
 .comment       0x00000045       0x46 C:\Users\251497\Documents\Lib_MCU\Debug\libLib_MCU.a(adc.o)
 .comment       0x00000045       0x46 C:\Users\251497\Documents\Lib_MCU\Debug\libLib_MCU.a(gpio.o)
 .comment       0x00000045       0x46 C:\Users\251497\Documents\Lib_MCU\Debug\libLib_MCU.a(i2c.o)
 .comment       0x00000045       0x46 C:\Users\251497\Documents\Lib_MCU\Debug\libLib_MCU.a(ssp.o)
 .comment       0x00000045       0x46 C:\Users\251497\Documents\Lib_MCU\Debug\libLib_MCU.a(timer32.o)
 .comment       0x00000045       0x46 C:\Users\251497\Documents\Lib_MCU\Debug\libLib_MCU.a(uart.o)
 .comment       0x00000045       0x46 C:\Users\251497\Documents\Lib_CMSISv1p30_LPC13xx\Debug\libLib_CMSISv1p30_LPC13xx.a(system_LPC13xx.o)
 .comment       0x00000045       0x46 c:/nxp/mcuxpressoide_11.9.1_2170/ide/plugins/com.nxp.mcuxpresso.tools.win32_11.9.1.202402080819/tools/bin/../lib/gcc/arm-none-eabi/12.3.1/../../../../arm-none-eabi/lib/thumb/v7-m/nofp\libcr_semihost.a(_cr__main.o)
 .comment       0x00000045       0x46 c:/nxp/mcuxpressoide_11.9.1_2170/ide/plugins/com.nxp.mcuxpresso.tools.win32_11.9.1.202402080819/tools/bin/../lib/gcc/arm-none-eabi/12.3.1/../../../../arm-none-eabi/lib/thumb/v7-m/nofp\libcr_c.a(memset.o)
 .comment       0x00000045       0x46 c:/nxp/mcuxpressoide_11.9.1_2170/ide/plugins/com.nxp.mcuxpresso.tools.win32_11.9.1.202402080819/tools/bin/../lib/gcc/arm-none-eabi/12.3.1/../../../../arm-none-eabi/lib/thumb/v7-m/nofp\libcr_c.a(initio.o)
 .comment       0x00000045       0x46 c:/nxp/mcuxpressoide_11.9.1_2170/ide/plugins/com.nxp.mcuxpresso.tools.win32_11.9.1.202402080819/tools/bin/../lib/gcc/arm-none-eabi/12.3.1/../../../../arm-none-eabi/lib/thumb/v7-m/nofp\libcr_c.a(setvbuf.o)
 .comment       0x00000045       0x46 c:/nxp/mcuxpressoide_11.9.1_2170/ide/plugins/com.nxp.mcuxpresso.tools.win32_11.9.1.202402080819/tools/bin/../lib/gcc/arm-none-eabi/12.3.1/../../../../arm-none-eabi/lib/thumb/v7-m/nofp\libcr_c.a(_fdopen.o)
 .comment       0x00000045       0x46 c:/nxp/mcuxpressoide_11.9.1_2170/ide/plugins/com.nxp.mcuxpresso.tools.win32_11.9.1.202402080819/tools/bin/../lib/gcc/arm-none-eabi/12.3.1/../../../../arm-none-eabi/lib/thumb/v7-m/nofp\libcr_c.a(fclose.o)
 .comment       0x00000045       0x46 c:/nxp/mcuxpressoide_11.9.1_2170/ide/plugins/com.nxp.mcuxpresso.tools.win32_11.9.1.202402080819/tools/bin/../lib/gcc/arm-none-eabi/12.3.1/../../../../arm-none-eabi/lib/thumb/v7-m/nofp\libcr_c.a(fflush.o)
 .comment       0x00000045       0x46 c:/nxp/mcuxpressoide_11.9.1_2170/ide/plugins/com.nxp.mcuxpresso.tools.win32_11.9.1.202402080819/tools/bin/../lib/gcc/arm-none-eabi/12.3.1/../../../../arm-none-eabi/lib/thumb/v7-m/nofp\libcr_c.a(fseek.o)
 .comment       0x00000045       0x46 c:/nxp/mcuxpressoide_11.9.1_2170/ide/plugins/com.nxp.mcuxpresso.tools.win32_11.9.1.202402080819/tools/bin/../lib/gcc/arm-none-eabi/12.3.1/../../../../arm-none-eabi/lib/thumb/v7-m/nofp\libcr_c.a(ftell.o)
 .comment       0x00000045       0x46 c:/nxp/mcuxpressoide_11.9.1_2170/ide/plugins/com.nxp.mcuxpresso.tools.win32_11.9.1.202402080819/tools/bin/../lib/gcc/arm-none-eabi/12.3.1/../../../../arm-none-eabi/lib/thumb/v7-m/nofp\libcr_c.a(remove.o)
 .comment       0x00000045       0x46 c:/nxp/mcuxpressoide_11.9.1_2170/ide/plugins/com.nxp.mcuxpresso.tools.win32_11.9.1.202402080819/tools/bin/../lib/gcc/arm-none-eabi/12.3.1/../../../../arm-none-eabi/lib/thumb/v7-m/nofp\libcr_c.a(strlen.o)
 .comment       0x00000045       0x46 c:/nxp/mcuxpressoide_11.9.1_2170/ide/plugins/com.nxp.mcuxpresso.tools.win32_11.9.1.202402080819/tools/bin/../lib/gcc/arm-none-eabi/12.3.1/../../../../arm-none-eabi/lib/thumb/v7-m/nofp\libcr_c.a(_do_fflush.o)
 .comment       0x00000045       0x46 c:/nxp/mcuxpressoide_11.9.1_2170/ide/plugins/com.nxp.mcuxpresso.tools.win32_11.9.1.202402080819/tools/bin/../lib/gcc/arm-none-eabi/12.3.1/../../../../arm-none-eabi/lib/thumb/v7-m/nofp\libcr_c.a(_fflush.o)
 .comment       0x00000045       0x46 c:/nxp/mcuxpressoide_11.9.1_2170/ide/plugins/com.nxp.mcuxpresso.tools.win32_11.9.1.202402080819/tools/bin/../lib/gcc/arm-none-eabi/12.3.1/../../../../arm-none-eabi/lib/thumb/v7-m/nofp\libcr_c.a(_writebuf.o)
 .comment       0x00000045       0x46 c:/nxp/mcuxpressoide_11.9.1_2170/ide/plugins/com.nxp.mcuxpresso.tools.win32_11.9.1.202402080819/tools/bin/../lib/gcc/arm-none-eabi/12.3.1/../../../../arm-none-eabi/lib/thumb/v7-m/nofp\libcr_c.a(alloc.o)
 .comment       0x00000045       0x46 c:/nxp/mcuxpressoide_11.9.1_2170/ide/plugins/com.nxp.mcuxpresso.tools.win32_11.9.1.202402080819/tools/bin/../lib/gcc/arm-none-eabi/12.3.1/../../../../arm-none-eabi/lib/thumb/v7-m/nofp\libcr_c.a(errno.o)
 .comment       0x00000045       0x46 c:/nxp/mcuxpressoide_11.9.1_2170/ide/plugins/com.nxp.mcuxpresso.tools.win32_11.9.1.202402080819/tools/bin/../lib/gcc/arm-none-eabi/12.3.1/../../../../arm-none-eabi/lib/thumb/v7-m/nofp\libcr_c.a(_deferredlazyseek.o)
 .comment       0x00000045       0x46 c:/nxp/mcuxpressoide_11.9.1_2170/ide/plugins/com.nxp.mcuxpresso.tools.win32_11.9.1.202402080819/tools/bin/../lib/gcc/arm-none-eabi/12.3.1/../../../../arm-none-eabi/lib/thumb/v7-m/nofp\libcr_semihost.a(__ciob.o)

.ARM.attributes
                0x00000000       0x2b
 .ARM.attributes
                0x00000000       0x2d ./src/cr_startup_lpc13.o
 .ARM.attributes
                0x0000002d       0x2d ./src/main.o
 .ARM.attributes
                0x0000005a       0x2d C:\Users\251497\Documents\Lib_EaBaseBoard\Debug\libLib_EaBaseBoard.a(acc.o)
 .ARM.attributes
                0x00000087       0x2d C:\Users\251497\Documents\Lib_EaBaseBoard\Debug\libLib_EaBaseBoard.a(joystick.o)
 .ARM.attributes
                0x000000b4       0x2d C:\Users\251497\Documents\Lib_EaBaseBoard\Debug\libLib_EaBaseBoard.a(led7seg.o)
 .ARM.attributes
                0x000000e1       0x2d C:\Users\251497\Documents\Lib_EaBaseBoard\Debug\libLib_EaBaseBoard.a(oled.o)
 .ARM.attributes
                0x0000010e       0x2d C:\Users\251497\Documents\Lib_EaBaseBoard\Debug\libLib_EaBaseBoard.a(pca9532.o)
 .ARM.attributes
                0x0000013b       0x2d C:\Users\251497\Documents\Lib_EaBaseBoard\Debug\libLib_EaBaseBoard.a(rgb.o)
 .ARM.attributes
                0x00000168       0x2d C:\Users\251497\Documents\Lib_EaBaseBoard\Debug\libLib_EaBaseBoard.a(rotary.o)
 .ARM.attributes
                0x00000195       0x2d C:\Users\251497\Documents\Lib_EaBaseBoard\Debug\libLib_EaBaseBoard.a(font5x7.o)
 .ARM.attributes
                0x000001c2       0x2d C:\Users\251497\Documents\Lib_MCU\Debug\libLib_MCU.a(adc.o)
 .ARM.attributes
                0x000001ef       0x2d C:\Users\251497\Documents\Lib_MCU\Debug\libLib_MCU.a(gpio.o)
 .ARM.attributes
                0x0000021c       0x2d C:\Users\251497\Documents\Lib_MCU\Debug\libLib_MCU.a(i2c.o)
 .ARM.attributes
                0x00000249       0x2d C:\Users\251497\Documents\Lib_MCU\Debug\libLib_MCU.a(ssp.o)
 .ARM.attributes
                0x00000276       0x2d C:\Users\251497\Documents\Lib_MCU\Debug\libLib_MCU.a(timer32.o)
 .ARM.attributes
                0x000002a3       0x2d C:\Users\251497\Documents\Lib_MCU\Debug\libLib_MCU.a(uart.o)
 .ARM.attributes
                0x000002d0       0x2d C:\Users\251497\Documents\Lib_CMSISv1p30_LPC13xx\Debug\libLib_CMSISv1p30_LPC13xx.a(system_LPC13xx.o)
 .ARM.attributes
                0x000002fd       0x2d c:/nxp/mcuxpressoide_11.9.1_2170/ide/plugins/com.nxp.mcuxpresso.tools.win32_11.9.1.202402080819/tools/bin/../lib/gcc/arm-none-eabi/12.3.1/../../../../arm-none-eabi/lib/thumb/v7-m/nofp\libcr_semihost.a(_cr__main.o)
 .ARM.attributes
                0x0000032a       0x2d c:/nxp/mcuxpressoide_11.9.1_2170/ide/plugins/com.nxp.mcuxpresso.tools.win32_11.9.1.202402080819/tools/bin/../lib/gcc/arm-none-eabi/12.3.1/../../../../arm-none-eabi/lib/thumb/v7-m/nofp\libcr_c.a(memset.o)
 .ARM.attributes
                0x00000357       0x2d c:/nxp/mcuxpressoide_11.9.1_2170/ide/plugins/com.nxp.mcuxpresso.tools.win32_11.9.1.202402080819/tools/bin/../lib/gcc/arm-none-eabi/12.3.1/../../../../arm-none-eabi/lib/thumb/v7-m/nofp\libcr_c.a(initio.o)
 .ARM.attributes
                0x00000384       0x2d c:/nxp/mcuxpressoide_11.9.1_2170/ide/plugins/com.nxp.mcuxpresso.tools.win32_11.9.1.202402080819/tools/bin/../lib/gcc/arm-none-eabi/12.3.1/../../../../arm-none-eabi/lib/thumb/v7-m/nofp\libcr_c.a(setvbuf.o)
 .ARM.attributes
                0x000003b1       0x2d c:/nxp/mcuxpressoide_11.9.1_2170/ide/plugins/com.nxp.mcuxpresso.tools.win32_11.9.1.202402080819/tools/bin/../lib/gcc/arm-none-eabi/12.3.1/../../../../arm-none-eabi/lib/thumb/v7-m/nofp\libcr_c.a(_fdopen.o)
 .ARM.attributes
                0x000003de       0x2d c:/nxp/mcuxpressoide_11.9.1_2170/ide/plugins/com.nxp.mcuxpresso.tools.win32_11.9.1.202402080819/tools/bin/../lib/gcc/arm-none-eabi/12.3.1/../../../../arm-none-eabi/lib/thumb/v7-m/nofp\libcr_c.a(fclose.o)
 .ARM.attributes
                0x0000040b       0x2d c:/nxp/mcuxpressoide_11.9.1_2170/ide/plugins/com.nxp.mcuxpresso.tools.win32_11.9.1.202402080819/tools/bin/../lib/gcc/arm-none-eabi/12.3.1/../../../../arm-none-eabi/lib/thumb/v7-m/nofp\libcr_c.a(fflush.o)
 .ARM.attributes
                0x00000438       0x2d c:/nxp/mcuxpressoide_11.9.1_2170/ide/plugins/com.nxp.mcuxpresso.tools.win32_11.9.1.202402080819/tools/bin/../lib/gcc/arm-none-eabi/12.3.1/../../../../arm-none-eabi/lib/thumb/v7-m/nofp\libcr_c.a(fseek.o)
 .ARM.attributes
                0x00000465       0x2d c:/nxp/mcuxpressoide_11.9.1_2170/ide/plugins/com.nxp.mcuxpresso.tools.win32_11.9.1.202402080819/tools/bin/../lib/gcc/arm-none-eabi/12.3.1/../../../../arm-none-eabi/lib/thumb/v7-m/nofp\libcr_c.a(ftell.o)
 .ARM.attributes
                0x00000492       0x2d c:/nxp/mcuxpressoide_11.9.1_2170/ide/plugins/com.nxp.mcuxpresso.tools.win32_11.9.1.202402080819/tools/bin/../lib/gcc/arm-none-eabi/12.3.1/../../../../arm-none-eabi/lib/thumb/v7-m/nofp\libcr_c.a(remove.o)
 .ARM.attributes
                0x000004bf       0x2d c:/nxp/mcuxpressoide_11.9.1_2170/ide/plugins/com.nxp.mcuxpresso.tools.win32_11.9.1.202402080819/tools/bin/../lib/gcc/arm-none-eabi/12.3.1/../../../../arm-none-eabi/lib/thumb/v7-m/nofp\libcr_c.a(strlen.o)
 .ARM.attributes
                0x000004ec       0x2d c:/nxp/mcuxpressoide_11.9.1_2170/ide/plugins/com.nxp.mcuxpresso.tools.win32_11.9.1.202402080819/tools/bin/../lib/gcc/arm-none-eabi/12.3.1/../../../../arm-none-eabi/lib/thumb/v7-m/nofp\libcr_c.a(_do_fflush.o)
 .ARM.attributes
                0x00000519       0x2d c:/nxp/mcuxpressoide_11.9.1_2170/ide/plugins/com.nxp.mcuxpresso.tools.win32_11.9.1.202402080819/tools/bin/../lib/gcc/arm-none-eabi/12.3.1/../../../../arm-none-eabi/lib/thumb/v7-m/nofp\libcr_c.a(_fflush.o)
 .ARM.attributes
                0x00000546       0x2d c:/nxp/mcuxpressoide_11.9.1_2170/ide/plugins/com.nxp.mcuxpresso.tools.win32_11.9.1.202402080819/tools/bin/../lib/gcc/arm-none-eabi/12.3.1/../../../../arm-none-eabi/lib/thumb/v7-m/nofp\libcr_c.a(_writebuf.o)
 .ARM.attributes
                0x00000573       0x2d c:/nxp/mcuxpressoide_11.9.1_2170/ide/plugins/com.nxp.mcuxpresso.tools.win32_11.9.1.202402080819/tools/bin/../lib/gcc/arm-none-eabi/12.3.1/../../../../arm-none-eabi/lib/thumb/v7-m/nofp\libcr_c.a(alloc.o)
 .ARM.attributes
                0x000005a0       0x2d c:/nxp/mcuxpressoide_11.9.1_2170/ide/plugins/com.nxp.mcuxpresso.tools.win32_11.9.1.202402080819/tools/bin/../lib/gcc/arm-none-eabi/12.3.1/../../../../arm-none-eabi/lib/thumb/v7-m/nofp\libcr_c.a(errno.o)
 .ARM.attributes
                0x000005cd       0x2d c:/nxp/mcuxpressoide_11.9.1_2170/ide/plugins/com.nxp.mcuxpresso.tools.win32_11.9.1.202402080819/tools/bin/../lib/gcc/arm-none-eabi/12.3.1/../../../../arm-none-eabi/lib/thumb/v7-m/nofp\libcr_c.a(_deferredlazyseek.o)
 .ARM.attributes
                0x000005fa       0x1b c:/nxp/mcuxpressoide_11.9.1_2170/ide/plugins/com.nxp.mcuxpresso.tools.win32_11.9.1.202402080819/tools/bin/../lib/gcc/arm-none-eabi/12.3.1/thumb/v7-m/nofp\libcr_eabihelpers.a(memcpy.o)
 .ARM.attributes
                0x00000615       0x2d c:/nxp/mcuxpressoide_11.9.1_2170/ide/plugins/com.nxp.mcuxpresso.tools.win32_11.9.1.202402080819/tools/bin/../lib/gcc/arm-none-eabi/12.3.1/../../../../arm-none-eabi/lib/thumb/v7-m/nofp\libcr_semihost.a(__ciob.o)
 .ARM.attributes
                0x00000642       0x1b c:/nxp/mcuxpressoide_11.9.1_2170/ide/plugins/com.nxp.mcuxpresso.tools.win32_11.9.1.202402080819/tools/bin/../lib/gcc/arm-none-eabi/12.3.1/../../../../arm-none-eabi/lib/thumb/v7-m/nofp\libcr_semihost.a(__sys_close.o)
 .ARM.attributes
                0x0000065d       0x1b c:/nxp/mcuxpressoide_11.9.1_2170/ide/plugins/com.nxp.mcuxpresso.tools.win32_11.9.1.202402080819/tools/bin/../lib/gcc/arm-none-eabi/12.3.1/../../../../arm-none-eabi/lib/thumb/v7-m/nofp\libcr_semihost.a(__sys_flen.o)
 .ARM.attributes
                0x00000678       0x1b c:/nxp/mcuxpressoide_11.9.1_2170/ide/plugins/com.nxp.mcuxpresso.tools.win32_11.9.1.202402080819/tools/bin/../lib/gcc/arm-none-eabi/12.3.1/../../../../arm-none-eabi/lib/thumb/v7-m/nofp\libcr_semihost.a(__sys_istty.o)
 .ARM.attributes
                0x00000693       0x1b c:/nxp/mcuxpressoide_11.9.1_2170/ide/plugins/com.nxp.mcuxpresso.tools.win32_11.9.1.202402080819/tools/bin/../lib/gcc/arm-none-eabi/12.3.1/../../../../arm-none-eabi/lib/thumb/v7-m/nofp\libcr_semihost.a(__sys_remove.o)
 .ARM.attributes
                0x000006ae       0x1b c:/nxp/mcuxpressoide_11.9.1_2170/ide/plugins/com.nxp.mcuxpresso.tools.win32_11.9.1.202402080819/tools/bin/../lib/gcc/arm-none-eabi/12.3.1/../../../../arm-none-eabi/lib/thumb/v7-m/nofp\libcr_semihost.a(__sys_seek.o)
 .ARM.attributes
                0x000006c9       0x1b c:/nxp/mcuxpressoide_11.9.1_2170/ide/plugins/com.nxp.mcuxpresso.tools.win32_11.9.1.202402080819/tools/bin/../lib/gcc/arm-none-eabi/12.3.1/../../../../arm-none-eabi/lib/thumb/v7-m/nofp\libcr_semihost.a(__sys_tmpnam.o)
 .ARM.attributes
                0x000006e4       0x1b c:/nxp/mcuxpressoide_11.9.1_2170/ide/plugins/com.nxp.mcuxpresso.tools.win32_11.9.1.202402080819/tools/bin/../lib/gcc/arm-none-eabi/12.3.1/../../../../arm-none-eabi/lib/thumb/v7-m/nofp\libcr_semihost.a(__sys_write.o)

.debug_frame    0x00000000     0x12e8
 .debug_frame   0x00000000      0x120 ./src/cr_startup_lpc13.o
 .debug_frame   0x00000120      0x1cc ./src/main.o
 .debug_frame   0x000002ec      0x104 C:\Users\251497\Documents\Lib_EaBaseBoard\Debug\libLib_EaBaseBoard.a(acc.o)
 .debug_frame   0x000003f0       0x50 C:\Users\251497\Documents\Lib_EaBaseBoard\Debug\libLib_EaBaseBoard.a(joystick.o)
 .debug_frame   0x00000440       0x50 C:\Users\251497\Documents\Lib_EaBaseBoard\Debug\libLib_EaBaseBoard.a(led7seg.o)
 .debug_frame   0x00000490      0x244 C:\Users\251497\Documents\Lib_EaBaseBoard\Debug\libLib_EaBaseBoard.a(oled.o)
 .debug_frame   0x000006d4      0x19c C:\Users\251497\Documents\Lib_EaBaseBoard\Debug\libLib_EaBaseBoard.a(pca9532.o)
 .debug_frame   0x00000870       0x50 C:\Users\251497\Documents\Lib_EaBaseBoard\Debug\libLib_EaBaseBoard.a(rgb.o)
 .debug_frame   0x000008c0       0x54 C:\Users\251497\Documents\Lib_EaBaseBoard\Debug\libLib_EaBaseBoard.a(rotary.o)
 .debug_frame   0x00000914       0x80 C:\Users\251497\Documents\Lib_MCU\Debug\libLib_MCU.a(adc.o)
 .debug_frame   0x00000994      0x194 C:\Users\251497\Documents\Lib_MCU\Debug\libLib_MCU.a(gpio.o)
 .debug_frame   0x00000b28      0x134 C:\Users\251497\Documents\Lib_MCU\Debug\libLib_MCU.a(i2c.o)
 .debug_frame   0x00000c5c       0xd4 C:\Users\251497\Documents\Lib_MCU\Debug\libLib_MCU.a(ssp.o)
 .debug_frame   0x00000d30      0x124 C:\Users\251497\Documents\Lib_MCU\Debug\libLib_MCU.a(timer32.o)
 .debug_frame   0x00000e54       0xd4 C:\Users\251497\Documents\Lib_MCU\Debug\libLib_MCU.a(uart.o)
 .debug_frame   0x00000f28       0x30 C:\Users\251497\Documents\Lib_CMSISv1p30_LPC13xx\Debug\libLib_CMSISv1p30_LPC13xx.a(system_LPC13xx.o)
 .debug_frame   0x00000f58       0x2c c:/nxp/mcuxpressoide_11.9.1_2170/ide/plugins/com.nxp.mcuxpresso.tools.win32_11.9.1.202402080819/tools/bin/../lib/gcc/arm-none-eabi/12.3.1/../../../../arm-none-eabi/lib/thumb/v7-m/nofp\libcr_semihost.a(_cr__main.o)
 .debug_frame   0x00000f84       0x20 c:/nxp/mcuxpressoide_11.9.1_2170/ide/plugins/com.nxp.mcuxpresso.tools.win32_11.9.1.202402080819/tools/bin/../lib/gcc/arm-none-eabi/12.3.1/../../../../arm-none-eabi/lib/thumb/v7-m/nofp\libcr_c.a(memset.o)
 .debug_frame   0x00000fa4       0x58 c:/nxp/mcuxpressoide_11.9.1_2170/ide/plugins/com.nxp.mcuxpresso.tools.win32_11.9.1.202402080819/tools/bin/../lib/gcc/arm-none-eabi/12.3.1/../../../../arm-none-eabi/lib/thumb/v7-m/nofp\libcr_c.a(initio.o)
 .debug_frame   0x00000ffc       0x2c c:/nxp/mcuxpressoide_11.9.1_2170/ide/plugins/com.nxp.mcuxpresso.tools.win32_11.9.1.202402080819/tools/bin/../lib/gcc/arm-none-eabi/12.3.1/../../../../arm-none-eabi/lib/thumb/v7-m/nofp\libcr_c.a(setvbuf.o)
 .debug_frame   0x00001028       0x2c c:/nxp/mcuxpressoide_11.9.1_2170/ide/plugins/com.nxp.mcuxpresso.tools.win32_11.9.1.202402080819/tools/bin/../lib/gcc/arm-none-eabi/12.3.1/../../../../arm-none-eabi/lib/thumb/v7-m/nofp\libcr_c.a(_fdopen.o)
 .debug_frame   0x00001054       0x38 c:/nxp/mcuxpressoide_11.9.1_2170/ide/plugins/com.nxp.mcuxpresso.tools.win32_11.9.1.202402080819/tools/bin/../lib/gcc/arm-none-eabi/12.3.1/../../../../arm-none-eabi/lib/thumb/v7-m/nofp\libcr_c.a(fclose.o)
 .debug_frame   0x0000108c       0x3c c:/nxp/mcuxpressoide_11.9.1_2170/ide/plugins/com.nxp.mcuxpresso.tools.win32_11.9.1.202402080819/tools/bin/../lib/gcc/arm-none-eabi/12.3.1/../../../../arm-none-eabi/lib/thumb/v7-m/nofp\libcr_c.a(fflush.o)
 .debug_frame   0x000010c8       0x34 c:/nxp/mcuxpressoide_11.9.1_2170/ide/plugins/com.nxp.mcuxpresso.tools.win32_11.9.1.202402080819/tools/bin/../lib/gcc/arm-none-eabi/12.3.1/../../../../arm-none-eabi/lib/thumb/v7-m/nofp\libcr_c.a(fseek.o)
 .debug_frame   0x000010fc       0x20 c:/nxp/mcuxpressoide_11.9.1_2170/ide/plugins/com.nxp.mcuxpresso.tools.win32_11.9.1.202402080819/tools/bin/../lib/gcc/arm-none-eabi/12.3.1/../../../../arm-none-eabi/lib/thumb/v7-m/nofp\libcr_c.a(ftell.o)
 .debug_frame   0x0000111c       0x48 c:/nxp/mcuxpressoide_11.9.1_2170/ide/plugins/com.nxp.mcuxpresso.tools.win32_11.9.1.202402080819/tools/bin/../lib/gcc/arm-none-eabi/12.3.1/../../../../arm-none-eabi/lib/thumb/v7-m/nofp\libcr_c.a(remove.o)
 .debug_frame   0x00001164       0x28 c:/nxp/mcuxpressoide_11.9.1_2170/ide/plugins/com.nxp.mcuxpresso.tools.win32_11.9.1.202402080819/tools/bin/../lib/gcc/arm-none-eabi/12.3.1/../../../../arm-none-eabi/lib/thumb/v7-m/nofp\libcr_c.a(strlen.o)
 .debug_frame   0x0000118c       0x2c c:/nxp/mcuxpressoide_11.9.1_2170/ide/plugins/com.nxp.mcuxpresso.tools.win32_11.9.1.202402080819/tools/bin/../lib/gcc/arm-none-eabi/12.3.1/../../../../arm-none-eabi/lib/thumb/v7-m/nofp\libcr_c.a(_do_fflush.o)
 .debug_frame   0x000011b8       0x2c c:/nxp/mcuxpressoide_11.9.1_2170/ide/plugins/com.nxp.mcuxpresso.tools.win32_11.9.1.202402080819/tools/bin/../lib/gcc/arm-none-eabi/12.3.1/../../../../arm-none-eabi/lib/thumb/v7-m/nofp\libcr_c.a(_fflush.o)
 .debug_frame   0x000011e4       0x30 c:/nxp/mcuxpressoide_11.9.1_2170/ide/plugins/com.nxp.mcuxpresso.tools.win32_11.9.1.202402080819/tools/bin/../lib/gcc/arm-none-eabi/12.3.1/../../../../arm-none-eabi/lib/thumb/v7-m/nofp\libcr_c.a(_writebuf.o)
 .debug_frame   0x00001214       0x90 c:/nxp/mcuxpressoide_11.9.1_2170/ide/plugins/com.nxp.mcuxpresso.tools.win32_11.9.1.202402080819/tools/bin/../lib/gcc/arm-none-eabi/12.3.1/../../../../arm-none-eabi/lib/thumb/v7-m/nofp\libcr_c.a(alloc.o)
 .debug_frame   0x000012a4       0x44 c:/nxp/mcuxpressoide_11.9.1_2170/ide/plugins/com.nxp.mcuxpresso.tools.win32_11.9.1.202402080819/tools/bin/../lib/gcc/arm-none-eabi/12.3.1/../../../../arm-none-eabi/lib/thumb/v7-m/nofp\libcr_c.a(_deferredlazyseek.o)

.debug_loc      0x00000000     0x1581
 .debug_loc     0x00000000      0x269 C:\Users\251497\Documents\Lib_CMSISv1p30_LPC13xx\Debug\libLib_CMSISv1p30_LPC13xx.a(system_LPC13xx.o)
 .debug_loc     0x00000269       0x6f c:/nxp/mcuxpressoide_11.9.1_2170/ide/plugins/com.nxp.mcuxpresso.tools.win32_11.9.1.202402080819/tools/bin/../lib/gcc/arm-none-eabi/12.3.1/../../../../arm-none-eabi/lib/thumb/v7-m/nofp\libcr_c.a(memset.o)
 .debug_loc     0x000002d8       0x68 c:/nxp/mcuxpressoide_11.9.1_2170/ide/plugins/com.nxp.mcuxpresso.tools.win32_11.9.1.202402080819/tools/bin/../lib/gcc/arm-none-eabi/12.3.1/../../../../arm-none-eabi/lib/thumb/v7-m/nofp\libcr_c.a(initio.o)
 .debug_loc     0x00000340      0x106 c:/nxp/mcuxpressoide_11.9.1_2170/ide/plugins/com.nxp.mcuxpresso.tools.win32_11.9.1.202402080819/tools/bin/../lib/gcc/arm-none-eabi/12.3.1/../../../../arm-none-eabi/lib/thumb/v7-m/nofp\libcr_c.a(setvbuf.o)
 .debug_loc     0x00000446      0x121 c:/nxp/mcuxpressoide_11.9.1_2170/ide/plugins/com.nxp.mcuxpresso.tools.win32_11.9.1.202402080819/tools/bin/../lib/gcc/arm-none-eabi/12.3.1/../../../../arm-none-eabi/lib/thumb/v7-m/nofp\libcr_c.a(_fdopen.o)
 .debug_loc     0x00000567       0x73 c:/nxp/mcuxpressoide_11.9.1_2170/ide/plugins/com.nxp.mcuxpresso.tools.win32_11.9.1.202402080819/tools/bin/../lib/gcc/arm-none-eabi/12.3.1/../../../../arm-none-eabi/lib/thumb/v7-m/nofp\libcr_c.a(fclose.o)
 .debug_loc     0x000005da       0xa2 c:/nxp/mcuxpressoide_11.9.1_2170/ide/plugins/com.nxp.mcuxpresso.tools.win32_11.9.1.202402080819/tools/bin/../lib/gcc/arm-none-eabi/12.3.1/../../../../arm-none-eabi/lib/thumb/v7-m/nofp\libcr_c.a(fflush.o)
 .debug_loc     0x0000067c       0xee c:/nxp/mcuxpressoide_11.9.1_2170/ide/plugins/com.nxp.mcuxpresso.tools.win32_11.9.1.202402080819/tools/bin/../lib/gcc/arm-none-eabi/12.3.1/../../../../arm-none-eabi/lib/thumb/v7-m/nofp\libcr_c.a(fseek.o)
 .debug_loc     0x0000076a       0x99 c:/nxp/mcuxpressoide_11.9.1_2170/ide/plugins/com.nxp.mcuxpresso.tools.win32_11.9.1.202402080819/tools/bin/../lib/gcc/arm-none-eabi/12.3.1/../../../../arm-none-eabi/lib/thumb/v7-m/nofp\libcr_c.a(ftell.o)
 .debug_loc     0x00000803       0xc7 c:/nxp/mcuxpressoide_11.9.1_2170/ide/plugins/com.nxp.mcuxpresso.tools.win32_11.9.1.202402080819/tools/bin/../lib/gcc/arm-none-eabi/12.3.1/../../../../arm-none-eabi/lib/thumb/v7-m/nofp\libcr_c.a(remove.o)
 .debug_loc     0x000008ca       0xdb c:/nxp/mcuxpressoide_11.9.1_2170/ide/plugins/com.nxp.mcuxpresso.tools.win32_11.9.1.202402080819/tools/bin/../lib/gcc/arm-none-eabi/12.3.1/../../../../arm-none-eabi/lib/thumb/v7-m/nofp\libcr_c.a(strlen.o)
 .debug_loc     0x000009a5       0x73 c:/nxp/mcuxpressoide_11.9.1_2170/ide/plugins/com.nxp.mcuxpresso.tools.win32_11.9.1.202402080819/tools/bin/../lib/gcc/arm-none-eabi/12.3.1/../../../../arm-none-eabi/lib/thumb/v7-m/nofp\libcr_c.a(_do_fflush.o)