../src/oled.c:95:1:writeCommand	16	static
../src/oled.c:127:1:writeData	16	static
../src/oled.c:159:1:writeDataLen	160	static
../src/oled.c:200:1:runInitSequence	8	static
../src/oled.c:256:13:hLine	32	static
../src/oled.c:288:13:vLine	32	static
../src/oled.c:318:6:oled_init	16	static
../src/oled.c:359:6:oled_putPixel	32	static
../src/oled.c:421:6:oled_line	40	static
../src/oled.c:524:6:oled_circle	64	static
../src/oled.c:662:6:oled_rect	24	static
../src/oled.c:683:6:oled_fillRect	32	static
../src/oled.c:730:6:oled_clearScreen	24	static
../src/oled.c:747:9:oled_putChar	32	static
../src/oled.c:787:6:oled_putString	32	static
